2025-10-26 10:55:59.049  7517-7993  SurfaceFlinger          surfaceflinger                       E  last remove layer (Splash Screen com.teamsmart.videomanager.tv#0)[3174].
2025-10-26 10:55:59.056  7517-7993  SurfaceFlinger          surfaceflinger                       E  remove layer (d7f82c Splash Screen com.teamsmart.videomanager.tv#0)[3134](0)(0x0xaba8c000).
2025-10-26 10:55:59.057  7517-7993  SurfaceFlinger          surfaceflinger                       E  remove layer (d7f82c Splash Screen com.teamsmart.videomanager.tv#0)[3139](2560, 2560).
2025-10-26 10:55:59.057  7517-7993  SurfaceFlinger          surfaceflinger                       E  remove layer (d7f82c Splash Screen com.teamsmart.videomanager.tv#0)[3143].
2025-10-26 10:55:59.057  7517-7993  SurfaceFlinger          surfaceflinger                       E  remove layer (d7f82c Splash Screen com.teamsmart.videomanager.tv#0)[3153].
2025-10-26 10:55:59.057  7517-7993  SurfaceFlinger          surfaceflinger                       E  remove layer (d7f82c Splash Screen com.teamsmart.videomanager.tv#0)[3159].
2025-10-26 10:55:59.057  7517-7993  SurfaceFlinger          surfaceflinger                       E  last remove layer (d7f82c Splash Screen com.teamsmart.videomanager.tv#0)[3174].
2025-10-26 10:55:59.057  7517-7993  SurfaceFlinger          surfaceflinger                       E  remove layer (Surface(name=d7f82c Splash Screen com.teamsmart.videomanager.tv)/@0x5c20cc7 - animation-leash#0)[3134](0)(0x0xac091000).
2025-10-26 10:55:59.057  7517-7993  SurfaceFlinger          surfaceflinger                       E  remove layer (Surface(name=d7f82c Splash Screen com.teamsmart.videomanager.tv)/@0x5c20cc7 - animation-leash#0)[3139](2560, 2560).
2025-10-26 10:55:59.057  7517-7993  SurfaceFlinger          surfaceflinger                       E  remove layer (Surface(name=d7f82c Splash Screen com.teamsmart.videomanager.tv)/@0x5c20cc7 - animation-leash#0)[3143].
2025-10-26 10:55:59.057  7517-7993  SurfaceFlinger          surfaceflinger                       E  remove layer (Surface(name=d7f82c Splash Screen com.teamsmart.videomanager.tv)/@0x5c20cc7 - animation-leash#0)[3153].
2025-10-26 10:55:59.057  7517-7993  SurfaceFlinger          surfaceflinger                       E  remove layer (Surface(name=d7f82c Splash Screen com.teamsmart.videomanager.tv)/@0x5c20cc7 - animation-leash#0)[3159].
2025-10-26 10:55:59.057  7517-7993  SurfaceFlinger          surfaceflinger                       E  last remove layer (Surface(name=d7f82c Splash Screen com.teamsmart.videomanager.tv)/@0x5c20cc7 - animation-leash#0)[3174].
2025-10-26 10:55:59.060  7517-7993  SurfaceFlinger          surfaceflinger                       E  remove layer (Splash Screen com.teamsmart.videomanager.tv#0)[3712].
2025-10-26 10:55:59.064  7517-7517  HWComposer              surfaceflinger                       E  getLayerReleaseFence failed for display -1: Invalid display
2025-10-26 10:55:59.093  7517-7517  HWComposer              surfaceflinger                       E  getLayerReleaseFence failed for display -1: Invalid display
2025-10-26 10:56:00.835  7517-7517  HWComposer              surfaceflinger                       E  getLayerReleaseFence failed for display -1: Invalid display
2025-10-26 10:56:01.278  7517-7517  SurfaceFlinger          surfaceflinger                       E  add layer (Stack=6#0)[3589].
2025-10-26 10:56:01.280  7517-7517  SurfaceFlinger          surfaceflinger                       E  add layer (animation background stackId=6#0)[3589].
2025-10-26 10:56:01.286  7517-7517  HWComposer              surfaceflinger                       E  getLayerReleaseFence failed for display -1: Invalid display
2025-10-26 10:56:01.292  7517-7517  SurfaceFlinger          surfaceflinger                       E  add layer (Task=27407#0)[3589].
2025-10-26 10:56:01.304  7517-7517  HWComposer              surfaceflinger                       E  getLayerReleaseFence failed for display -1: Invalid display
2025-10-26 10:56:01.315  7517-7517  SurfaceFlinger          surfaceflinger                       E  add layer (AppWindowToken{50dcdbf token=Token{7cf27de ActivityRecord{e392b19 u0 com.teamsmart.videomanager.tv/com.liskovsoft.smartyoutubetv2.tv.ui.playback.PlaybackActivity t27407}}}#0)[3589].
2025-10-26 10:56:01.317  7621-7722  IpelService             system_server                        E  ipelSetAction mIpelClient is null!
2025-10-26 10:56:01.342  7517-7517  HWComposer              surfaceflinger                       E  getLayerReleaseFence failed for display -1: Invalid display
2025-10-26 10:56:01.366  7517-7517  SurfaceFlinger          surfaceflinger                       E  add layer (cf1f653 Splash Screen com.teamsmart.videomanager.tv#0)[3589].
2025-10-26 10:56:01.374  7517-7517  HWComposer              surfaceflinger                       E  getLayerReleaseFence failed for display -1: Invalid display
2025-10-26 10:56:01.377  7517-7517  SurfaceFlinger          surfaceflinger                       E  add layer (Splash Screen com.teamsmart.videomanager.tv#0)[3589].
2025-10-26 10:56:01.392  7517-7517  HWComposer              surfaceflinger                       E  getLayerReleaseFence failed for display -1: Invalid display
2025-10-26 10:56:01.437  7517-7517  HWComposer              surfaceflinger                       E  getLayerReleaseFence failed for display -1: Invalid display
2025-10-26 10:56:01.461  7517-7517  HWComposer              surfaceflinger                       E  getLayerReleaseFence failed for display -1: Invalid display
2025-10-26 10:56:01.463  7517-7517  SurfaceFlinger          surfaceflinger                       E  add layer (Surface(name=AppWindowToken{658ad0b token=Token{b4004da ActivityRecord{eb7ae85 u0 com.teamsmart.videomanager.tv/com.liskovsoft.smartyoutubetv2.tv.ui.moviedetails.MovieDetailsActivity t27406}}})/@0xd777fd7 - animation-leash#0)[3589].
2025-10-26 10:56:01.475  7517-7517  HWComposer              surfaceflinger                       E  getLayerReleaseFence failed for display -1: Invalid display
2025-10-26 10:56:01.477  7517-7517  SurfaceFlinger          surfaceflinger                       E  add layer (Surface(name=AppWindowToken{50dcdbf token=Token{7cf27de ActivityRecord{e392b19 u0 com.teamsmart.videomanager.tv/com.liskovsoft.smartyoutubetv2.tv.ui.playback.PlaybackActivity t27407}}})/@0xc81e845 - animation-leash#0)[3589].
2025-10-26 10:56:01.508  7517-7517  HWComposer              surfaceflinger                       E  getLayerReleaseFence failed for display -1: Invalid display
2025-10-26 10:56:01.532  7517-7517  HWComposer              surfaceflinger                       E  getLayerReleaseFence failed for display -1: Invalid display
2025-10-26 10:56:01.657  7517-7517  HWComposer              surfaceflinger                       E  getLayerReleaseFence failed for display -1: Invalid display
2025-10-26 10:56:01.684  7517-7517  HWComposer              surfaceflinger                       E  getLayerReleaseFence failed for display -1: Invalid display
2025-10-26 10:56:01.717  7517-7517  HWComposer              surfaceflinger                       E  getLayerReleaseFence failed for display -1: Invalid display
2025-10-26 10:56:01.747  7517-7517  HWComposer              surfaceflinger                       E  getLayerReleaseFence failed for display -1: Invalid display
2025-10-26 10:56:01.762  7517-7517  HWComposer              surfaceflinger                       E  getLayerReleaseFence failed for display -1: Invalid display
2025-10-26 10:56:01.779  7517-7517  HWComposer              surfaceflinger                       E  getLayerReleaseFence failed for display -1: Invalid display
2025-10-26 10:56:01.953  7517-7517  HWComposer              surfaceflinger                       E  getLayerReleaseFence failed for display -1: Invalid display
2025-10-26 10:56:02.003  7517-7517  HWComposer              surfaceflinger                       E  getLayerReleaseFence failed for display -1: Invalid display
2025-10-26 10:56:02.003  7517-7517  HWComposer              surfaceflinger                       E  getLayerReleaseFence failed for display -1: Invalid display
2025-10-26 10:56:02.018  7517-7517  HWComposer              surfaceflinger                       E  getLayerReleaseFence failed for display -1: Invalid display
2025-10-26 10:56:02.125  7517-7517  HWComposer              surfaceflinger                       E  getLayerReleaseFence failed for display -1: Invalid display
2025-10-26 10:56:02.139  7517-7993  SurfaceFlinger          surfaceflinger                       E  remove layer (Surface(name=AppWindowToken{658ad0b token=Token{b4004da ActivityRecord{eb7ae85 u0 com.teamsmart.videomanager.tv/com.liskovsoft.smartyoutubetv2.tv.ui.moviedetails.MovieDetailsActivity t27406}}})/@0xd777fd7 - animation-leash#0)[3134](0)(0x0xabaa7000).
2025-10-26 10:56:02.139  7517-7993  SurfaceFlinger          surfaceflinger                       E  remove layer (Surface(name=AppWindowToken{658ad0b token=Token{b4004da ActivityRecord{eb7ae85 u0 com.teamsmart.videomanager.tv/com.liskovsoft.smartyoutubetv2.tv.ui.moviedetails.MovieDetailsActivity t27406}}})/@0xd777fd7 - animation-leash#0)[3139](2560, 2560).
2025-10-26 10:56:02.139  7517-7993  SurfaceFlinger          surfaceflinger                       E  remove layer (Surface(name=AppWindowToken{658ad0b token=Token{b4004da ActivityRecord{eb7ae85 u0 com.teamsmart.videomanager.tv/com.liskovsoft.smartyoutubetv2.tv.ui.moviedetails.MovieDetailsActivity t27406}}})/@0xd777fd7 - animation-leash#0)[3143].
2025-10-26 10:56:02.139  7517-7993  SurfaceFlinger          surfaceflinger                       E  remove layer (Surface(name=AppWindowToken{658ad0b token=Token{b4004da ActivityRecord{eb7ae85 u0 com.teamsmart.videomanager.tv/com.liskovsoft.smartyoutubetv2.tv.ui.moviedetails.MovieDetailsActivity t27406}}})/@0xd777fd7 - animation-leash#0)[3153].
2025-10-26 10:56:02.139  7517-7993  SurfaceFlinger          surfaceflinger                       E  remove layer (Surface(name=AppWindowToken{658ad0b token=Token{b4004da ActivityRecord{eb7ae85 u0 com.teamsmart.videomanager.tv/com.liskovsoft.smartyoutubetv2.tv.ui.moviedetails.MovieDetailsActivity t27406}}})/@0xd777fd7 - animation-leash#0)[3159].
2025-10-26 10:56:02.139  7517-7993  SurfaceFlinger          surfaceflinger                       E  last remove layer (Surface(name=AppWindowToken{658ad0b token=Token{b4004da ActivityRecord{eb7ae85 u0 com.teamsmart.videomanager.tv/com.liskovsoft.smartyoutubetv2.tv.ui.moviedetails.MovieDetailsActivity t27406}}})/@0xd777fd7 - animation-leash#0)[3174].
2025-10-26 10:56:02.139  7517-7993  SurfaceFlinger          surfaceflinger                       E  remove layer (Surface(name=AppWindowToken{50dcdbf token=Token{7cf27de ActivityRecord{e392b19 u0 com.teamsmart.videomanager.tv/com.liskovsoft.smartyoutubetv2.tv.ui.playback.PlaybackActivity t27407}}})/@0xc81e845 - animation-leash#0)[3134](0)(0x0xababf000).
2025-10-26 10:56:02.139  7517-7993  SurfaceFlinger          surfaceflinger                       E  remove layer (Surface(name=AppWindowToken{50dcdbf token=Token{7cf27de ActivityRecord{e392b19 u0 com.teamsmart.videomanager.tv/com.liskovsoft.smartyoutubetv2.tv.ui.playback.PlaybackActivity t27407}}})/@0xc81e845 - animation-leash#0)[3139](2560, 2560).
2025-10-26 10:56:02.139  7517-7993  SurfaceFlinger          surfaceflinger                       E  remove layer (Surface(name=AppWindowToken{50dcdbf token=Token{7cf27de ActivityRecord{e392b19 u0 com.teamsmart.videomanager.tv/com.liskovsoft.smartyoutubetv2.tv.ui.playback.PlaybackActivity t27407}}})/@0xc81e845 - animation-leash#0)[3143].
2025-10-26 10:56:02.139  7517-7993  SurfaceFlinger          surfaceflinger                       E  remove layer (Surface(name=AppWindowToken{50dcdbf token=Token{7cf27de ActivityRecord{e392b19 u0 com.teamsmart.videomanager.tv/com.liskovsoft.smartyoutubetv2.tv.ui.playback.PlaybackActivity t27407}}})/@0xc81e845 - animation-leash#0)[3153].
2025-10-26 10:56:02.139  7517-7993  SurfaceFlinger          surfaceflinger                       E  remove layer (Surface(name=AppWindowToken{50dcdbf token=Token{7cf27de ActivityRecord{e392b19 u0 com.teamsmart.videomanager.tv/com.liskovsoft.smartyoutubetv2.tv.ui.playback.PlaybackActivity t27407}}})/@0xc81e845 - animation-leash#0)[3159].
2025-10-26 10:56:02.139  7517-7993  SurfaceFlinger          surfaceflinger                       E  last remove layer (Surface(name=AppWindowToken{50dcdbf token=Token{7cf27de ActivityRecord{e392b19 u0 com.teamsmart.videomanager.tv/com.liskovsoft.smartyoutubetv2.tv.ui.playback.PlaybackActivity t27407}}})/@0xc81e845 - animation-leash#0)[3174].
2025-10-26 10:56:02.151  7517-7517  HWComposer              surfaceflinger                       E  getLayerReleaseFence failed for display -1: Invalid display
2025-10-26 10:56:02.151  7517-7517  HWComposer              surfaceflinger                       E  getLayerReleaseFence failed for display -1: Invalid display
2025-10-26 10:56:02.235  7517-7517  HWComposer              surfaceflinger                       E  getLayerReleaseFence failed for display -1: Invalid display
2025-10-26 10:56:02.240  7517-7517  HWComposer              surfaceflinger                       E  getLayerReleaseFence failed for display -1: Invalid display
2025-10-26 10:56:02.390 12031-12031 TrackSelectorManager    com.teamsmart.videomanager.tv        E  Can't init renderer 0. TrackSelector is null!
2025-10-26 10:56:02.391 12031-12031 TrackSelectorManager    com.teamsmart.videomanager.tv        E  Renderer isn't initialized. Waiting for later selection...
2025-10-26 10:56:02.392 12031-12031 TrackSelectorManager    com.teamsmart.videomanager.tv        E  Can't init renderer 1. TrackSelector is null!
2025-10-26 10:56:02.392 12031-12031 TrackSelectorManager    com.teamsmart.videomanager.tv        E  Renderer isn't initialized. Waiting for later selection...
2025-10-26 10:56:02.394 12031-12031 TrackSelectorManager    com.teamsmart.videomanager.tv        E  Can't init renderer 2. TrackSelector is null!
2025-10-26 10:56:02.394 12031-12031 TrackSelectorManager    com.teamsmart.videomanager.tv        E  Renderer isn't initialized. Waiting for later selection...
2025-10-26 10:56:03.480  7747-8033  bt_btif                 com.android.bluetooth                E  register_notification_rsp: Avrcp device is not connected, handle: 0x0
2025-10-26 10:56:03.481  7747-8033  bt_btif                 com.android.bluetooth                E  register_notification_rsp: Avrcp device is not connected, handle: 0x0
2025-10-26 10:56:03.606 12031-12031 TrackSelectorManager    com.teamsmart.videomanager.tv        E  Can't perform track selection. Mapped track info isn't initialized yet!
2025-10-26 10:56:03.795  7517-7517  SurfaceFlinger          surfaceflinger                       E  add layer (7d629f9 com.teamsmart.videomanager.tv/com.liskovsoft.smartyoutubetv2.tv.ui.playback.PlaybackActivity#0)[3589].
2025-10-26 10:56:03.805  7517-7517  HWComposer              surfaceflinger                       E  getLayerReleaseFence failed for display -1: Invalid display
2025-10-26 10:56:03.823  7517-7517  HWComposer              surfaceflinger                       E  getLayerReleaseFence failed for display -1: Invalid display
2025-10-26 10:56:03.854  7517-7517  SurfaceFlinger          surfaceflinger                       E  add layer (com.teamsmart.videomanager.tv/com.liskovsoft.smartyoutubetv2.tv.ui.playback.PlaybackActivity#0)[3589].
2025-10-26 10:56:03.872  7517-7517  HWComposer              surfaceflinger                       E  getLayerReleaseFence failed for display -1: Invalid display
2025-10-26 10:56:03.890 12031-12159 libc                    com.teamsmart.videomanager.tv        E  Access denied finding property "rtk.ddk.disableSpeedup_1"
2025-10-26 10:56:03.891  7517-7517  HWComposer              surfaceflinger                       E  getLayerReleaseFence failed for display -1: Invalid display
2025-10-26 10:56:04.009  8954-8954  cast_shell              com.google.android.apps.mediashell   E  [8954:8954:ERROR:legacy_app_id_mapper_impl.cc(58)] Unknown app_id AndroidNativeApp
2025-10-26 10:56:04.039  8954-8954  cast_shell              com.google.android.apps.mediashell   E  [8954:8954:ERROR:legacy_app_id_mapper_impl.cc(58)] Unknown app_id AndroidNativeApp
2025-10-26 10:56:04.226  8954-8954  cast_shell              com.google.android.apps.mediashell   E  [8954:8954:ERROR:legacy_app_id_mapper_impl.cc(58)] Unknown app_id AndroidNativeApp
2025-10-26 10:56:04.378  7517-7517  HWComposer              surfaceflinger                       E  getLayerReleaseFence failed for display -1: Invalid display
2025-10-26 10:56:04.385  8954-8954  cast_shell              com.google.android.apps.mediashell   E  [8954:8954:ERROR:legacy_app_id_mapper_impl.cc(58)] Unknown app_id AndroidNativeApp
2025-10-26 10:56:04.386  8954-8954  cast_shell              com.google.android.apps.mediashell   E  [8954:8954:ERROR:legacy_app_id_mapper_impl.cc(58)] Unknown app_id AndroidNativeApp
2025-10-26 10:56:04.388  8954-8954  cast_shell              com.google.android.apps.mediashell   E  [8954:8954:ERROR:legacy_app_id_mapper_impl.cc(58)] Unknown app_id AndroidNativeApp
2025-10-26 10:56:04.394  7517-7517  HWComposer              surfaceflinger                       E  getLayerReleaseFence failed for display -1: Invalid display
2025-10-26 10:56:04.422  8954-8954  cast_shell              com.google.android.apps.mediashell   E  [8954:8954:ERROR:legacy_app_id_mapper_impl.cc(58)] Unknown app_id AndroidNativeApp
2025-10-26 10:56:04.423  8954-8954  cast_shell              com.google.android.apps.mediashell   E  [8954:8954:ERROR:legacy_app_id_mapper_impl.cc(58)] Unknown app_id AndroidNativeApp
2025-10-26 10:56:04.436  7517-7517  HWComposer              surfaceflinger                       E  getLayerReleaseFence failed for display -1: Invalid display
2025-10-26 10:56:04.446  8954-8954  cast_shell              com.google.android.apps.mediashell   E  [8954:8954:ERROR:legacy_app_id_mapper_impl.cc(58)] Unknown app_id AndroidNativeApp
2025-10-26 10:56:04.451  7517-7517  HWComposer              surfaceflinger                       E  getLayerReleaseFence failed for display -1: Invalid display
2025-10-26 10:56:04.451  8954-8954  cast_shell              com.google.android.apps.mediashell   E  [8954:8954:ERROR:legacy_app_id_mapper_impl.cc(58)] Unknown app_id AndroidNativeApp
2025-10-26 10:56:04.453  8954-8954  cast_shell              com.google.android.apps.mediashell   E  [8954:8954:ERROR:legacy_app_id_mapper_impl.cc(58)] Unknown app_id AndroidNativeApp
2025-10-26 10:56:04.454  8954-8954  cast_shell              com.google.android.apps.mediashell   E  [8954:8954:ERROR:legacy_app_id_mapper_impl.cc(58)] Unknown app_id AndroidNativeApp
2025-10-26 10:56:04.455  8954-8954  cast_shell              com.google.android.apps.mediashell   E  [8954:8954:ERROR:legacy_app_id_mapper_impl.cc(58)] Unknown app_id AndroidNativeApp
2025-10-26 10:56:04.461  8954-8954  cast_shell              com.google.android.apps.mediashell   E  [8954:8954:ERROR:legacy_app_id_mapper_impl.cc(58)] Unknown app_id AndroidNativeApp
2025-10-26 10:56:04.542  7517-7517  HWComposer              surfaceflinger                       E  getLayerReleaseFence failed for display -1: Invalid display
2025-10-26 10:56:04.551  7517-7517  HWComposer              surfaceflinger                       E  getLayerReleaseFence failed for display -1: Invalid display
2025-10-26 10:56:04.554  7517-7517  SurfaceFlinger          surfaceflinger                       E  add layer (Surface(name=cf1f653 Splash Screen com.teamsmart.videomanager.tv)/@0x4466cb5 - animation-leash#0)[3589].
2025-10-26 10:56:04.583  7517-7517  HWComposer              surfaceflinger                       E  getLayerReleaseFence failed for display -1: Invalid display
2025-10-26 10:56:04.599  7517-7517  HWComposer              surfaceflinger                       E  getLayerReleaseFence failed for display -1: Invalid display
2025-10-26 10:56:04.634  7517-7517  HWComposer              surfaceflinger                       E  getLayerReleaseFence failed for display -1: Invalid display
2025-10-26 10:56:04.650  7517-7517  HWComposer              surfaceflinger                       E  getLayerReleaseFence failed for display -1: Invalid display
2025-10-26 10:56:04.650  7517-7517  HWComposer              surfaceflinger                       E  getLayerReleaseFence failed for display -1: Invalid display
2025-10-26 10:56:04.681  7517-7517  HWComposer              surfaceflinger                       E  getLayerReleaseFence failed for display -1: Invalid display
2025-10-26 10:56:04.801  7517-7517  HWComposer              surfaceflinger                       E  getLayerReleaseFence failed for display -1: Invalid display
2025-10-26 10:56:04.809  7517-7523  SurfaceFlinger          surfaceflinger                       E  remove layer (Splash Screen com.teamsmart.videomanager.tv#0)[3690].
2025-10-26 10:56:04.809  7517-7523  SurfaceFlinger          surfaceflinger                       E  remove layer (Splash Screen com.teamsmart.videomanager.tv#0)[3134](0)(0x0xac0a9000).
2025-10-26 10:56:04.809  7517-7523  SurfaceFlinger          surfaceflinger                       E  remove layer (Splash Screen com.teamsmart.videomanager.tv#0)[3139](1280, 720).
2025-10-26 10:56:04.809  7517-7523  SurfaceFlinger          surfaceflinger                       E  remove layer (Splash Screen com.teamsmart.videomanager.tv#0)[3143].
2025-10-26 10:56:04.809  7517-7523  SurfaceFlinger          surfaceflinger                       E  remove layer (Splash Screen com.teamsmart.videomanager.tv#0)[3153].
2025-10-26 10:56:04.809  7517-7523  SurfaceFlinger          surfaceflinger                       E  remove layer (Splash Screen com.teamsmart.videomanager.tv#0)[3159].
2025-10-26 10:56:04.809  7517-7523  SurfaceFlinger          surfaceflinger                       E  last remove layer (Splash Screen com.teamsmart.videomanager.tv#0)[3174].
2025-10-26 10:56:04.824  7517-7524  SurfaceFlinger          surfaceflinger                       E  remove layer (Surface(name=cf1f653 Splash Screen com.teamsmart.videomanager.tv)/@0x4466cb5 - animation-leash#0)[3134](0)(0x0xabae9000).
2025-10-26 10:56:04.824  7517-7524  SurfaceFlinger          surfaceflinger                       E  remove layer (Surface(name=cf1f653 Splash Screen com.teamsmart.videomanager.tv)/@0x4466cb5 - animation-leash#0)[3139](2560, 2560).
2025-10-26 10:56:04.824  7517-7524  SurfaceFlinger          surfaceflinger                       E  remove layer (Surface(name=cf1f653 Splash Screen com.teamsmart.videomanager.tv)/@0x4466cb5 - animation-leash#0)[3143].
2025-10-26 10:56:04.824  7517-7524  SurfaceFlinger          surfaceflinger                       E  remove layer (Surface(name=cf1f653 Splash Screen com.teamsmart.videomanager.tv)/@0x4466cb5 - animation-leash#0)[3153].
2025-10-26 10:56:04.824  7517-7524  SurfaceFlinger          surfaceflinger                       E  remove layer (Surface(name=cf1f653 Splash Screen com.teamsmart.videomanager.tv)/@0x4466cb5 - animation-leash#0)[3159].
2025-10-26 10:56:04.824  7517-7524  SurfaceFlinger          surfaceflinger                       E  last remove layer (Surface(name=cf1f653 Splash Screen com.teamsmart.videomanager.tv)/@0x4466cb5 - animation-leash#0)[3174].
2025-10-26 10:56:04.824  7517-7524  SurfaceFlinger          surfaceflinger                       E  remove layer (cf1f653 Splash Screen com.teamsmart.videomanager.tv#0)[3134](0)(0x0xadd33000).
2025-10-26 10:56:04.824  7517-7524  SurfaceFlinger          surfaceflinger                       E  remove layer (cf1f653 Splash Screen com.teamsmart.videomanager.tv#0)[3139](2560, 2560).
2025-10-26 10:56:04.824  7517-7524  SurfaceFlinger          surfaceflinger                       E  remove layer (cf1f653 Splash Screen com.teamsmart.videomanager.tv#0)[3143].
2025-10-26 10:56:04.824  7517-7524  SurfaceFlinger          surfaceflinger                       E  remove layer (cf1f653 Splash Screen com.teamsmart.videomanager.tv#0)[3153].
2025-10-26 10:56:04.824  7517-7524  SurfaceFlinger          surfaceflinger                       E  remove layer (cf1f653 Splash Screen com.teamsmart.videomanager.tv#0)[3159].
2025-10-26 10:56:04.824  7517-7524  SurfaceFlinger          surfaceflinger                       E  last remove layer (cf1f653 Splash Screen com.teamsmart.videomanager.tv#0)[3174].
2025-10-26 10:56:04.840  7517-7524  SurfaceFlinger          surfaceflinger                       E  remove layer (Splash Screen com.teamsmart.videomanager.tv#0)[3712].
2025-10-26 10:56:04.855  7517-7517  HWComposer              surfaceflinger                       E  getLayerReleaseFence failed for display -1: Invalid display
2025-10-26 10:56:04.914  7517-7517  HWComposer              surfaceflinger                       E  getLayerReleaseFence failed for display -1: Invalid display
2025-10-26 10:56:04.982  7517-7524  SurfaceFlinger          surfaceflinger                       E  remove layer (com.teamsmart.videomanager.tv/com.liskovsoft.smartyoutubetv2.tv.ui.moviedetails.MovieDetailsActivity#0)[3690].
2025-10-26 10:56:04.982  7517-7524  SurfaceFlinger          surfaceflinger                       E  remove layer (com.teamsmart.videomanager.tv/com.liskovsoft.smartyoutubetv2.tv.ui.moviedetails.MovieDetailsActivity#0)[3134](0)(0x0xabac7000).
2025-10-26 10:56:04.982  7517-7524  SurfaceFlinger          surfaceflinger                       E  remove layer (com.teamsmart.videomanager.tv/com.liskovsoft.smartyoutubetv2.tv.ui.moviedetails.MovieDetailsActivity#0)[3139](1280, 720).
2025-10-26 10:56:04.982  7517-7524  SurfaceFlinger          surfaceflinger                       E  remove layer (com.teamsmart.videomanager.tv/com.liskovsoft.smartyoutubetv2.tv.ui.moviedetails.MovieDetailsActivity#0)[3143].
2025-10-26 10:56:04.982  7517-7524  SurfaceFlinger          surfaceflinger                       E  remove layer (com.teamsmart.videomanager.tv/com.liskovsoft.smartyoutubetv2.tv.ui.moviedetails.MovieDetailsActivity#0)[3153].
2025-10-26 10:56:04.982  7517-7524  SurfaceFlinger          surfaceflinger                       E  remove layer (com.teamsmart.videomanager.tv/com.liskovsoft.smartyoutubetv2.tv.ui.moviedetails.MovieDetailsActivity#0)[3159].
2025-10-26 10:56:04.982  7517-7524  SurfaceFlinger          surfaceflinger                       E  last remove layer (com.teamsmart.videomanager.tv/com.liskovsoft.smartyoutubetv2.tv.ui.moviedetails.MovieDetailsActivity#0)[3174].
2025-10-26 10:56:04.983  7517-7524  SurfaceFlinger          surfaceflinger                       E  remove layer (com.teamsmart.videomanager.tv/com.liskovsoft.smartyoutubetv2.tv.ui.moviedetails.MovieDetailsActivity#0)[3712].
2025-10-26 10:56:05.011  7517-7517  HWComposer              surfaceflinger                       E  getLayerReleaseFence failed for display -1: Invalid display
2025-10-26 10:56:05.351  7517-7517  HWComposer              surfaceflinger                       E  getLayerReleaseFence failed for display -1: Invalid display
2025-10-26 10:56:05.477  7517-7517  HWComposer              surfaceflinger                       E  getLayerReleaseFence failed for display -1: Invalid display
2025-10-26 10:56:05.666  7517-7517  HWComposer              surfaceflinger                       E  getLayerReleaseFence failed for display -1: Invalid display
2025-10-26 10:56:05.781  7517-7517  HWComposer              surfaceflinger                       E  getLayerReleaseFence failed for display -1: Invalid display
2025-10-26 10:56:05.929  7517-7517  HWComposer              surfaceflinger                       E  getLayerReleaseFence failed for display -1: Invalid display
2025-10-26 10:56:06.086  7517-7517  HWComposer              surfaceflinger                       E  getLayerReleaseFence failed for display -1: Invalid display
2025-10-26 10:56:07.474 12260-12260 webview_servic          pid-12260                            E  Not starting debugger since process cannot load the jdwp agent.
2025-10-26 10:56:07.624  7621-7722  AutofillMa...erviceImpl system_server                        E  Bad AutofillService name: com.google.android.gms/.autofill.service.AutofillService
2025-10-26 10:56:07.984 12031-12280 chromium                com.teamsmart.videomanager.tv        E  [ERROR:gl_surface_egl.cc(155)] eglChooseConfig failed with error EGL_BAD_ATTRIBUTE
2025-10-26 10:56:08.127  7517-7517  HWComposer              surfaceflinger                       E  getLayerReleaseFence failed for display -1: Invalid display
2025-10-26 10:56:08.153 12031-12280 chromium                com.teamsmart.videomanager.tv        E  [ERROR:gl_surface_egl.cc(155)] eglChooseConfig failed with error EGL_BAD_ATTRIBUTE
2025-10-26 10:56:08.306  7517-7517  HWComposer              surfaceflinger                       E  getLayerReleaseFence failed for display -1: Invalid display
2025-10-26 10:56:08.448  7517-7517  HWComposer              surfaceflinger                       E  getLayerReleaseFence failed for display -1: Invalid display
2025-10-26 10:56:08.618  7517-7517  HWComposer              surfaceflinger                       E  getLayerReleaseFence failed for display -1: Invalid display
2025-10-26 10:56:08.786  7517-7517  HWComposer              surfaceflinger                       E  getLayerReleaseFence failed for display -1: Invalid display
2025-10-26 10:56:08.914  7517-7517  HWComposer              surfaceflinger                       E  getLayerReleaseFence failed for display -1: Invalid display
2025-10-26 10:56:09.071  7517-7517  HWComposer              surfaceflinger                       E  getLayerReleaseFence failed for display -1: Invalid display
2025-10-26 10:56:09.240  7517-7517  HWComposer              surfaceflinger                       E  getLayerReleaseFence failed for display -1: Invalid display
2025-10-26 10:56:09.391  7517-7517  HWComposer              surfaceflinger                       E  getLayerReleaseFence failed for display -1: Invalid display
2025-10-26 10:56:09.542  7517-7517  HWComposer              surfaceflinger                       E  getLayerReleaseFence failed for display -1: Invalid display
2025-10-26 10:56:09.702  7517-7517  HWComposer              surfaceflinger                       E  getLayerReleaseFence failed for display -1: Invalid display
2025-10-26 10:56:09.849  7517-7517  HWComposer              surfaceflinger                       E  getLayerReleaseFence failed for display -1: Invalid display
2025-10-26 10:56:10.024  7517-7517  HWComposer              surfaceflinger                       E  getLayerReleaseFence failed for display -1: Invalid display
2025-10-26 10:56:10.157  7517-7517  HWComposer              surfaceflinger                       E  getLayerReleaseFence failed for display -1: Invalid display
2025-10-26 10:56:10.308  7517-7517  HWComposer              surfaceflinger                       E  getLayerReleaseFence failed for display -1: Invalid display
2025-10-26 10:56:10.458  7517-7517  HWComposer              surfaceflinger                       E  getLayerReleaseFence failed for display -1: Invalid display
2025-10-26 10:56:10.611  7517-7517  HWComposer              surfaceflinger                       E  getLayerReleaseFence failed for display -1: Invalid display
2025-10-26 10:56:10.785  7517-7517  HWComposer              surfaceflinger                       E  getLayerReleaseFence failed for display -1: Invalid display
2025-10-26 10:56:10.950  7517-7517  HWComposer              surfaceflinger                       E  getLayerReleaseFence failed for display -1: Invalid display
2025-10-26 10:56:11.080  7517-7517  HWComposer              surfaceflinger                       E  getLayerReleaseFence failed for display -1: Invalid display
2025-10-26 10:56:12.924  7517-7517  HWComposer              surfaceflinger                       E  getLayerReleaseFence failed for display -1: Invalid display
2025-10-26 10:56:13.052  7517-7517  HWComposer              surfaceflinger                       E  getLayerReleaseFence failed for display -1: Invalid display
2025-10-26 10:56:13.201  7517-7517  HWComposer              surfaceflinger                       E  getLayerReleaseFence failed for display -1: Invalid display
2025-10-26 10:56:13.360  7517-7517  HWComposer              surfaceflinger                       E  getLayerReleaseFence failed for display -1: Invalid display
2025-10-26 10:56:13.503  7517-7517  HWComposer              surfaceflinger                       E  getLayerReleaseFence failed for display -1: Invalid display
2025-10-26 10:56:13.508 12031-12201 V8Runtime               com.teamsmart.videomanager.tv        E  undefined:21: ReferenceError: gE is not defined
2025-10-26 10:56:13.657  7517-7517  HWComposer              surfaceflinger                       E  getLayerReleaseFence failed for display -1: Invalid display
2025-10-26 10:56:13.820  7517-7517  HWComposer              surfaceflinger                       E  getLayerReleaseFence failed for display -1: Invalid display
2025-10-26 10:56:13.957  7517-7517  HWComposer              surfaceflinger                       E  getLayerReleaseFence failed for display -1: Invalid display
2025-10-26 10:56:14.114  7517-7517  HWComposer              surfaceflinger                       E  getLayerReleaseFence failed for display -1: Invalid display
2025-10-26 10:56:14.275  7517-7517  HWComposer              surfaceflinger                       E  getLayerReleaseFence failed for display -1: Invalid display
2025-10-26 10:56:14.872  7517-7517  HWComposer              surfaceflinger                       E  getLayerReleaseFence failed for display -1: Invalid display
2025-10-26 10:56:15.022  7517-7517  HWComposer              surfaceflinger                       E  getLayerReleaseFence failed for display -1: Invalid display
2025-10-26 10:56:15.194  7517-7517  HWComposer              surfaceflinger                       E  getLayerReleaseFence failed for display -1: Invalid display
2025-10-26 10:56:15.348  7517-7517  HWComposer              surfaceflinger                       E  getLayerReleaseFence failed for display -1: Invalid display
2025-10-26 10:56:15.497  7517-7517  HWComposer              surfaceflinger                       E  getLayerReleaseFence failed for display -1: Invalid display
2025-10-26 10:56:15.662  7517-7517  HWComposer              surfaceflinger                       E  getLayerReleaseFence failed for display -1: Invalid display
2025-10-26 10:56:15.810  7517-7517  HWComposer              surfaceflinger                       E  getLayerReleaseFence failed for display -1: Invalid display
2025-10-26 10:56:15.951  7517-7517  HWComposer              surfaceflinger                       E  getLayerReleaseFence failed for display -1: Invalid display
2025-10-26 10:56:16.120  7517-7517  HWComposer              surfaceflinger                       E  getLayerReleaseFence failed for display -1: Invalid display
2025-10-26 10:56:16.286  7517-7517  HWComposer              surfaceflinger                       E  getLayerReleaseFence failed for display -1: Invalid display
2025-10-26 10:56:16.432  7517-7517  HWComposer              surfaceflinger                       E  getLayerReleaseFence failed for display -1: Invalid display
2025-10-26 10:56:16.557  7517-7517  HWComposer              surfaceflinger                       E  getLayerReleaseFence failed for display -1: Invalid display
2025-10-26 10:56:16.710  7517-7517  HWComposer              surfaceflinger                       E  getLayerReleaseFence failed for display -1: Invalid display
2025-10-26 10:56:16.859  7517-7517  HWComposer              surfaceflinger                       E  getLayerReleaseFence failed for display -1: Invalid display
2025-10-26 10:56:17.020  7517-7517  HWComposer              surfaceflinger                       E  getLayerReleaseFence failed for display -1: Invalid display
2025-10-26 10:56:17.169  7517-7517  HWComposer              surfaceflinger                       E  getLayerReleaseFence failed for display -1: Invalid display
2025-10-26 10:56:17.326  7517-7517  HWComposer              surfaceflinger                       E  getLayerReleaseFence failed for display -1: Invalid display
2025-10-26 10:56:17.774  7517-7517  HWComposer              surfaceflinger                       E  getLayerReleaseFence failed for display -1: Invalid display
2025-10-26 10:56:17.925  7517-7517  HWComposer              surfaceflinger                       E  getLayerReleaseFence failed for display -1: Invalid display
2025-10-26 10:56:18.379  7517-7517  HWComposer              surfaceflinger                       E  getLayerReleaseFence failed for display -1: Invalid display
2025-10-26 10:56:18.528  7517-7517  HWComposer              surfaceflinger                       E  getLayerReleaseFence failed for display -1: Invalid display
2025-10-26 10:56:19.136  7517-7517  HWComposer              surfaceflinger                       E  getLayerReleaseFence failed for display -1: Invalid display
2025-10-26 10:56:19.285  7517-7517  HWComposer              surfaceflinger                       E  getLayerReleaseFence failed for display -1: Invalid display
2025-10-26 10:56:19.894  7517-7517  HWComposer              surfaceflinger                       E  getLayerReleaseFence failed for display -1: Invalid display
2025-10-26 10:56:20.052  7517-7517  HWComposer              surfaceflinger                       E  getLayerReleaseFence failed for display -1: Invalid display
2025-10-26 10:56:21.408  7517-7517  HWComposer              surfaceflinger                       E  getLayerReleaseFence failed for display -1: Invalid display
2025-10-26 10:56:21.722 12031-12031 TrackSelectorManager    com.teamsmart.videomanager.tv        E  Can't perform track selection. Mapped track info isn't initialized yet!
2025-10-26 10:56:21.722 12031-12031 TrackSelectorManager    com.teamsmart.videomanager.tv        E  Renderer isn't initialized. Waiting for later selection...
2025-10-26 10:56:21.723 12031-12031 TrackSelectorManager    com.teamsmart.videomanager.tv        E  Can't perform track selection. Mapped track info isn't initialized yet!
2025-10-26 10:56:21.723 12031-12031 TrackSelectorManager    com.teamsmart.videomanager.tv        E  Renderer isn't initialized. Waiting for later selection...
2025-10-26 10:56:21.724 12031-12031 TrackSelectorManager    com.teamsmart.videomanager.tv        E  Can't perform track selection. Mapped track info isn't initialized yet!
2025-10-26 10:56:21.724 12031-12031 TrackSelectorManager    com.teamsmart.videomanager.tv        E  Renderer isn't initialized. Waiting for later selection...
2025-10-26 10:56:21.837  7517-7517  SurfaceFlinger          surfaceflinger                       E  add layer (SurfaceView - com.teamsmart.videomanager.tv/com.liskovsoft.smartyoutubetv2.tv.ui.playback.PlaybackActivity#0)[3589].
2025-10-26 10:56:21.839  7517-7517  SurfaceFlinger          surfaceflinger                       E  add layer (Background for -SurfaceView - com.teamsmart.videomanager.tv/com.liskovsoft.smartyoutubetv2.tv.ui.playback.PlaybackActivity#0)[3589].
2025-10-26 10:56:21.935  7517-7517  HWComposer              surfaceflinger                       E  getLayerReleaseFence failed for display -1: Invalid display
2025-10-26 10:56:21.935  7517-7517  HWComposer              surfaceflinger                       E  getLayerReleaseFence failed for display -1: Invalid display
2025-10-26 10:56:21.947 12031-12234 TrackSelectorManager    com.teamsmart.videomanager.tv        E  Can't create selection. No match for the track com.liskovsoft.smartyoutubetv2.common.exoplayer.selector.track.SubtitleTrack@2b9abf
2025-10-26 10:56:22.250  7517-7517  HWComposer              surfaceflinger                       E  getLayerReleaseFence failed for display -1: Invalid display
2025-10-26 10:56:22.250  7517-7517  HWComposer              surfaceflinger                       E  getLayerReleaseFence failed for display -1: Invalid display
2025-10-26 10:56:22.705 12031-12031 ExoPlayerController     com.teamsmart.videomanager.tv        E  onPositionDiscontinuity
2025-10-26 10:56:22.940  7517-7517  HWComposer              surfaceflinger                       E  getLayerReleaseFence failed for display -1: Invalid display
2025-10-26 10:56:23.019  7517-7517  HWComposer              surfaceflinger                       E  getLayerReleaseFence failed for display -1: Invalid display
2025-10-26 10:56:23.119  7517-7517  HWComposer              surfaceflinger                       E  getLayerReleaseFence failed for display -1: Invalid display
2025-10-26 10:56:23.119  7517-7517  HWComposer              surfaceflinger                       E  getLayerReleaseFence failed for display -1: Invalid display
2025-10-26 10:56:23.271  7517-7517  HWComposer              surfaceflinger                       E  getLayerReleaseFence failed for display -1: Invalid display
2025-10-26 10:56:23.575  7517-7517  HWComposer              surfaceflinger                       E  getLayerReleaseFence failed for display -1: Invalid display
2025-10-26 10:56:23.726  7517-7517  HWComposer              surfaceflinger                       E  getLayerReleaseFence failed for display -1: Invalid display
2025-10-26 10:56:23.726  7517-7517  HWComposer              surfaceflinger                       E  getLayerReleaseFence failed for display -1: Invalid display
2025-10-26 10:56:23.876  7517-7517  HWComposer              surfaceflinger                       E  getLayerReleaseFence failed for display -1: Invalid display
2025-10-26 10:56:23.876  7517-7517  HWComposer              surfaceflinger                       E  getLayerReleaseFence failed for display -1: Invalid display
2025-10-26 10:56:24.031  7517-7517  HWComposer              surfaceflinger                       E  getLayerReleaseFence failed for display -1: Invalid display
2025-10-26 10:56:24.031  7517-7517  HWComposer              surfaceflinger                       E  getLayerReleaseFence failed for display -1: Invalid display
2025-10-26 10:56:24.195  7517-7517  HWComposer              surfaceflinger                       E  getLayerReleaseFence failed for display -1: Invalid display
2025-10-26 10:56:24.195  7517-7517  HWComposer              surfaceflinger                       E  getLayerReleaseFence failed for display -1: Invalid display
2025-10-26 10:56:24.274 12031-12179 RxHelper                com.teamsmart.videomanager.tv        E  fromNullable result is null
2025-10-26 10:56:24.338  7517-7517  HWComposer              surfaceflinger                       E  getLayerReleaseFence failed for display -1: Invalid display
2025-10-26 10:56:24.338  7517-7517  HWComposer              surfaceflinger                       E  getLayerReleaseFence failed for display -1: Invalid display
2025-10-26 10:56:24.495  7517-7517  HWComposer              surfaceflinger                       E  getLayerReleaseFence failed for display -1: Invalid display
2025-10-26 10:56:24.496  7517-7517  HWComposer              surfaceflinger                       E  getLayerReleaseFence failed for display -1: Invalid display
2025-10-26 10:56:24.670  7517-7517  HWComposer              surfaceflinger                       E  getLayerReleaseFence failed for display -1: Invalid display
2025-10-26 10:56:24.670  7517-7517  HWComposer              surfaceflinger                       E  getLayerReleaseFence failed for display -1: Invalid display
2025-10-26 10:56:24.798  7517-7517  HWComposer              surfaceflinger                       E  getLayerReleaseFence failed for display -1: Invalid display
2025-10-26 10:56:24.798  7517-7517  HWComposer              surfaceflinger                       E  getLayerReleaseFence failed for display -1: Invalid display
2025-10-26 10:56:24.965  7517-7517  HWComposer              surfaceflinger                       E  getLayerReleaseFence failed for display -1: Invalid display
2025-10-26 10:56:24.965  7517-7517  HWComposer              surfaceflinger                       E  getLayerReleaseFence failed for display -1: Invalid display
2025-10-26 10:56:25.080   385-424   CodecResource           media.codec                          E  [CRM] checkCapability: (video/nv12)
2025-10-26 10:56:25.117  7517-7517  HWComposer              surfaceflinger                       E  getLayerReleaseFence failed for display -1: Invalid display
2025-10-26 10:56:25.117  7517-7517  HWComposer              surfaceflinger                       E  getLayerReleaseFence failed for display -1: Invalid display
2025-10-26 10:56:25.150   385-424   OMXNodeInstance         media.codec                          E  getExtensionIndex(0xad329ba0:realtek.decoder, OMX.google.android.index.storeMetaDataInBuffers) ERROR: Undefined(0x80001001)
2025-10-26 10:56:25.151   385-1160  OMXNodeInstance         media.codec                          E  getExtensionIndex(0xad329ba0:realtek.decoder, OMX.google.android.index.storeMetaDataInBuffers) ERROR: Undefined(0x80001001)
2025-10-26 10:56:25.165   385-1160  OMXNodeInstance         media.codec                          E  getExtensionIndex(0xad329ba0:realtek.decoder, OMX.google.android.index.storeMetaDataInBuffers) ERROR: Undefined(0x80001001)
2025-10-26 10:56:25.166 12031-12313 ACodec                  com.teamsmart.videomanager.tv        E  [OMX.realtek.video.decoder] setPortMode on output to DynamicANWBuffer failed w/ err -2147483648
2025-10-26 10:56:25.166   385-1160  OMXNodeInstance         media.codec                          E  getExtensionIndex(0xad329ba0:realtek.decoder, OMX.google.android.index.storeMetaDataInBuffers) ERROR: Undefined(0x80001001)
2025-10-26 10:56:25.196   385-11813 OMXNodeInstance         media.codec                          E  setConfig(0xad329ba0:realtek.decoder, ConfigPriority(0x6f800002)) ERROR: UnsupportedIndex(0x8000101a)
2025-10-26 10:56:25.235   385-1160  OMXNodeInstance         media.codec                          E  getConfig(0xad329ba0:realtek.decoder, ConfigAndroidVendorExtension(0x6f100004)) ERROR: UnsupportedIndex(0x8000101a)
2025-10-26 10:56:25.273  7517-7517  HWComposer              surfaceflinger                       E  getLayerReleaseFence failed for display -1: Invalid display
2025-10-26 10:56:25.273  7517-7517  HWComposer              surfaceflinger                       E  getLayerReleaseFence failed for display -1: Invalid display
2025-10-26 10:56:25.431  7517-7517  HWComposer              surfaceflinger                       E  getLayerReleaseFence failed for display -1: Invalid display
2025-10-26 10:56:25.431  7517-7517  HWComposer              surfaceflinger                       E  getLayerReleaseFence failed for display -1: Invalid display
2025-10-26 10:56:25.522   385-12316 CodecResource           media.codec                          E  [CRM] (0xad313900)Construct
2025-10-26 10:56:25.523   385-12316 CodecResource           media.codec                          E  acquireResource codec(avc) max_width(1920) max_height(1080) fps(24000) encoder(0) adaptive(1) try_acquire(0)
2025-10-26 10:56:25.524   385-12316 OMX_VDEC                media.codec                          E  resource max w 1920 h 1088
2025-10-26 10:56:25.525   385-12318 CodecResource           media.codec                          E  [CRM] (0xad313900) wait events
2025-10-26 10:56:25.603  7517-7517  HWComposer              surfaceflinger                       E  getLayerReleaseFence failed for display -1: Invalid display
2025-10-26 10:56:25.603  7517-7517  HWComposer              surfaceflinger                       E  getLayerReleaseFence failed for display -1: Invalid display
2025-10-26 10:56:25.688   385-2608  OMXNodeInstance         media.codec                          E  getExtensionIndex(0xacf18540:google.aac.decoder, OMX.google.android.index.storeMetaDataInBuffers) ERROR: UnsupportedIndex(0x8000101a)
2025-10-26 10:56:25.690   385-2608  OMXNodeInstance         media.codec                          E  setConfig(0xacf18540:google.aac.decoder, ConfigPriority(0x6f800002)) ERROR: Undefined(0x80001001)
2025-10-26 10:56:25.691   385-2608  OMXNodeInstance         media.codec                          E  getConfig(0xacf18540:google.aac.decoder, ConfigAndroidVendorExtension(0x6f100004)) ERROR: Undefined(0x80001001)
2025-10-26 10:56:25.836  7517-7517  HWComposer              surfaceflinger                       E  getLayerReleaseFence failed for display -1: Invalid display
2025-10-26 10:56:25.836  7517-7517  HWComposer              surfaceflinger                       E  getLayerReleaseFence failed for display -1: Invalid display
2025-10-26 10:56:25.907  7517-7517  HWComposer              surfaceflinger                       E  getLayerReleaseFence failed for display -1: Invalid display
2025-10-26 10:56:25.907  7517-7517  HWComposer              surfaceflinger                       E  getLayerReleaseFence failed for display -1: Invalid display
2025-10-26 10:56:26.036  7517-7517  HWComposer              surfaceflinger                       E  getLayerReleaseFence failed for display -1: Invalid display
2025-10-26 10:56:26.037  7517-7517  HWComposer              surfaceflinger                       E  getLayerReleaseFence failed for display -1: Invalid display
2025-10-26 10:56:26.189  7517-7517  HWComposer              surfaceflinger                       E  getLayerReleaseFence failed for display -1: Invalid display
2025-10-26 10:56:26.189  7517-7517  HWComposer              surfaceflinger                       E  getLayerReleaseFence failed for display -1: Invalid display
2025-10-26 10:56:26.335  7517-7517  HWComposer              surfaceflinger                       E  getLayerReleaseFence failed for display -1: Invalid display
2025-10-26 10:56:26.335  7517-7517  HWComposer              surfaceflinger                       E  getLayerReleaseFence failed for display -1: Invalid display
