2025-10-26 11:14:04.302   265-798   SurfaceFlinger          surfaceflinger                       E  remove layer (Splash Screen com.teamsmart.videomanager.tv#0)[3690].
2025-10-26 11:14:04.302   265-798   SurfaceFlinger          surfaceflinger                       E  remove layer (Splash Screen com.teamsmart.videomanager.tv#0)[3134](0)(0x0xa48fc000).
2025-10-26 11:14:04.302   265-798   SurfaceFlinger          surfaceflinger                       E  remove layer (Splash Screen com.teamsmart.videomanager.tv#0)[3139](1280, 720).
2025-10-26 11:14:04.302   265-798   SurfaceFlinger          surfaceflinger                       E  remove layer (Splash Screen com.teamsmart.videomanager.tv#0)[3143].
2025-10-26 11:14:04.302   265-798   SurfaceFlinger          surfaceflinger                       E  remove layer (Splash Screen com.teamsmart.videomanager.tv#0)[3153].
2025-10-26 11:14:04.302   265-798   SurfaceFlinger          surfaceflinger                       E  remove layer (Splash Screen com.teamsmart.videomanager.tv#0)[3159].
2025-10-26 11:14:04.302   265-798   SurfaceFlinger          surfaceflinger                       E  last remove layer (Splash Screen com.teamsmart.videomanager.tv#0)[3174].
2025-10-26 11:14:04.307   265-1743  SurfaceFlinger          surfaceflinger                       E  remove layer (Surface(name=2050bb8 Splash Screen com.teamsmart.videomanager.tv)/@0xbc9a5e7 - animation-leash#0)[3134](0)(0x0xa5988000).
2025-10-26 11:14:04.307   265-1743  SurfaceFlinger          surfaceflinger                       E  remove layer (Surface(name=2050bb8 Splash Screen com.teamsmart.videomanager.tv)/@0xbc9a5e7 - animation-leash#0)[3139](2560, 2560).
2025-10-26 11:14:04.307   265-1743  SurfaceFlinger          surfaceflinger                       E  remove layer (Surface(name=2050bb8 Splash Screen com.teamsmart.videomanager.tv)/@0xbc9a5e7 - animation-leash#0)[3143].
2025-10-26 11:14:04.307   265-1743  SurfaceFlinger          surfaceflinger                       E  remove layer (Surface(name=2050bb8 Splash Screen com.teamsmart.videomanager.tv)/@0xbc9a5e7 - animation-leash#0)[3153].
2025-10-26 11:14:04.307   265-1743  SurfaceFlinger          surfaceflinger                       E  remove layer (Surface(name=2050bb8 Splash Screen com.teamsmart.videomanager.tv)/@0xbc9a5e7 - animation-leash#0)[3159].
2025-10-26 11:14:04.307   265-1743  SurfaceFlinger          surfaceflinger                       E  last remove layer (Surface(name=2050bb8 Splash Screen com.teamsmart.videomanager.tv)/@0xbc9a5e7 - animation-leash#0)[3174].
2025-10-26 11:14:04.307   265-1743  SurfaceFlinger          surfaceflinger                       E  remove layer (2050bb8 Splash Screen com.teamsmart.videomanager.tv#0)[3134](0)(0x0xa6ea8000).
2025-10-26 11:14:04.307   265-1743  SurfaceFlinger          surfaceflinger                       E  remove layer (2050bb8 Splash Screen com.teamsmart.videomanager.tv#0)[3139](2560, 2560).
2025-10-26 11:14:04.307   265-1743  SurfaceFlinger          surfaceflinger                       E  remove layer (2050bb8 Splash Screen com.teamsmart.videomanager.tv#0)[3143].
2025-10-26 11:14:04.307   265-1743  SurfaceFlinger          surfaceflinger                       E  remove layer (2050bb8 Splash Screen com.teamsmart.videomanager.tv#0)[3153].
2025-10-26 11:14:04.307   265-1743  SurfaceFlinger          surfaceflinger                       E  remove layer (2050bb8 Splash Screen com.teamsmart.videomanager.tv#0)[3159].
2025-10-26 11:14:04.307   265-1743  SurfaceFlinger          surfaceflinger                       E  last remove layer (2050bb8 Splash Screen com.teamsmart.videomanager.tv#0)[3174].
2025-10-26 11:14:04.311   265-1743  SurfaceFlinger          surfaceflinger                       E  remove layer (Splash Screen com.teamsmart.videomanager.tv#0)[3712].
2025-10-26 11:14:04.357   265-1743  SurfaceFlinger          surfaceflinger                       E  remove layer (com.teamsmart.videomanager.tv/com.liskovsoft.smartyoutubetv2.tv.ui.moviedetails.MovieDetailsActivity#0)[3690].
2025-10-26 11:14:04.357   265-1743  SurfaceFlinger          surfaceflinger                       E  remove layer (com.teamsmart.videomanager.tv/com.liskovsoft.smartyoutubetv2.tv.ui.moviedetails.MovieDetailsActivity#0)[3134](0)(0x0xa48f3000).
2025-10-26 11:14:04.357   265-1743  SurfaceFlinger          surfaceflinger                       E  remove layer (com.teamsmart.videomanager.tv/com.liskovsoft.smartyoutubetv2.tv.ui.moviedetails.MovieDetailsActivity#0)[3139](1280, 720).
2025-10-26 11:14:04.357   265-1743  SurfaceFlinger          surfaceflinger                       E  remove layer (com.teamsmart.videomanager.tv/com.liskovsoft.smartyoutubetv2.tv.ui.moviedetails.MovieDetailsActivity#0)[3143].
2025-10-26 11:14:04.357   265-1743  SurfaceFlinger          surfaceflinger                       E  remove layer (com.teamsmart.videomanager.tv/com.liskovsoft.smartyoutubetv2.tv.ui.moviedetails.MovieDetailsActivity#0)[3153].
2025-10-26 11:14:04.358   265-1743  SurfaceFlinger          surfaceflinger                       E  remove layer (com.teamsmart.videomanager.tv/com.liskovsoft.smartyoutubetv2.tv.ui.moviedetails.MovieDetailsActivity#0)[3159].
2025-10-26 11:14:04.358   265-1743  SurfaceFlinger          surfaceflinger                       E  last remove layer (com.teamsmart.videomanager.tv/com.liskovsoft.smartyoutubetv2.tv.ui.moviedetails.MovieDetailsActivity#0)[3174].
2025-10-26 11:14:04.359   265-798   SurfaceFlinger          surfaceflinger                       E  remove layer (com.teamsmart.videomanager.tv/com.liskovsoft.smartyoutubetv2.tv.ui.moviedetails.MovieDetailsActivity#0)[3712].
2025-10-26 11:14:04.369  2560-2560  cast_shell              com.google.android.apps.mediashell   E  [2560:2560:ERROR:legacy_app_id_mapper_impl.cc(58)] Unknown app_id AndroidNativeApp
2025-10-26 11:14:04.373  2560-2560  cast_shell              com.google.android.apps.mediashell   E  [2560:2560:ERROR:legacy_app_id_mapper_impl.cc(58)] Unknown app_id AndroidNativeApp
2025-10-26 11:14:04.437  2560-2560  cast_shell              com.google.android.apps.mediashell   E  [2560:2560:ERROR:legacy_app_id_mapper_impl.cc(58)] Unknown app_id AndroidNativeApp
2025-10-26 11:14:04.437  2560-2560  cast_shell              com.google.android.apps.mediashell   E  [2560:2560:ERROR:legacy_app_id_mapper_impl.cc(58)] Unknown app_id AndroidNativeApp
2025-10-26 11:14:04.453  2560-2560  cast_shell              com.google.android.apps.mediashell   E  [2560:2560:ERROR:legacy_app_id_mapper_impl.cc(58)] Unknown app_id AndroidNativeApp
2025-10-26 11:14:04.455  2560-2560  cast_shell              com.google.android.apps.mediashell   E  [2560:2560:ERROR:legacy_app_id_mapper_impl.cc(58)] Unknown app_id AndroidNativeApp
2025-10-26 11:14:04.458  2560-2560  cast_shell              com.google.android.apps.mediashell   E  [2560:2560:ERROR:legacy_app_id_mapper_impl.cc(58)] Unknown app_id AndroidNativeApp
2025-10-26 11:14:04.472  2560-2560  cast_shell              com.google.android.apps.mediashell   E  [2560:2560:ERROR:legacy_app_id_mapper_impl.cc(58)] Unknown app_id AndroidNativeApp
2025-10-26 11:14:04.473  2560-2560  cast_shell              com.google.android.apps.mediashell   E  [2560:2560:ERROR:legacy_app_id_mapper_impl.cc(58)] Unknown app_id AndroidNativeApp
2025-10-26 11:14:04.474  2560-2560  cast_shell              com.google.android.apps.mediashell   E  [2560:2560:ERROR:legacy_app_id_mapper_impl.cc(58)] Unknown app_id AndroidNativeApp
2025-10-26 11:14:06.717  4540-4660  chromium                com.teamsmart.videomanager.tv        E  [ERROR:simple_file_enumerator.cc(21)] opendir /data/user/0/com.teamsmart.videomanager.tv/cache/WebView/Default/HTTP Cache/Code Cache/js: No such file or directory (2)
2025-10-26 11:14:06.717  4540-4660  chromium                com.teamsmart.videomanager.tv        E  [ERROR:simple_index_file.cc(615)] Could not reconstruct index from disk
2025-10-26 11:14:06.931  4673-4673  webview_servic          pid-4673                             E  Not starting debugger since process cannot load the jdwp agent.
2025-10-26 11:14:07.170   608-1418  AutofillMa...erviceImpl system_server                        E  Bad AutofillService name: com.google.android.gms/.autofill.service.AutofillService
2025-10-26 11:14:07.536  4540-4693  chromium                com.teamsmart.videomanager.tv        E  [ERROR:gl_surface_egl.cc(155)] eglChooseConfig failed with error EGL_BAD_ATTRIBUTE
2025-10-26 11:14:07.702  4540-4693  chromium                com.teamsmart.videomanager.tv        E  [ERROR:gl_surface_egl.cc(155)] eglChooseConfig failed with error EGL_BAD_ATTRIBUTE
2025-10-26 11:14:10.957  4540-4598  V8Runtime               com.teamsmart.videomanager.tv        E  undefined:21: ReferenceError: gE is not defined
2025-10-26 11:14:15.278   854-1302  bt_stack                com.android.bluetooth                E  [ERROR:gatt_cl.cc(1074)] gatt_client_handle_server_rspgatt_client_handle_server_rsp libs_liu opcode =  
2025-10-26 11:14:15.388   854-1302  bt_stack                com.android.bluetooth                E  [ERROR:gatt_cl.cc(1074)] gatt_client_handle_server_rspgatt_client_handle_server_rsp libs_liu opcode =  
2025-10-26 11:14:16.176  2560-2560  cast_shell              com.google.android.apps.mediashell   E  [2560:2560:ERROR:legacy_app_id_mapper_impl.cc(58)] Unknown app_id AndroidNativeApp
2025-10-26 11:14:16.212  2560-2560  cast_shell              com.google.android.apps.mediashell   E  [2560:2560:ERROR:legacy_app_id_mapper_impl.cc(58)] Unknown app_id AndroidNativeApp
2025-10-26 11:14:16.512   265-265   SurfaceFlinger          surfaceflinger                       E  add layer (WindowToken{40b11a7 android.os.BinderProxy@1b8ea66}#0)[3589].
2025-10-26 11:14:16.543   265-265   SurfaceFlinger          surfaceflinger                       E  add layer (6419654 com.tcl.framework.custom#0)[3589].
2025-10-26 11:14:16.639   265-265   SurfaceFlinger          surfaceflinger                       E  add layer (#0)[3589].
2025-10-26 11:14:16.991   265-265   SurfaceFlinger          surfaceflinger                       E  add layer (Surface(name=6419654 com.tcl.framework.custom)/@0x84bc3c0 - animation-leash#0)[3589].
2025-10-26 11:14:17.377   265-321   SurfaceFlinger          surfaceflinger                       E  remove layer (Surface(name=6419654 com.tcl.framework.custom)/@0x84bc3c0 - animation-leash#0)[3134](0)(0x0xa48fc000).
2025-10-26 11:14:17.377   265-321   SurfaceFlinger          surfaceflinger                       E  remove layer (Surface(name=6419654 com.tcl.framework.custom)/@0x84bc3c0 - animation-leash#0)[3139](2560, 2560).
2025-10-26 11:14:17.377   265-321   SurfaceFlinger          surfaceflinger                       E  remove layer (Surface(name=6419654 com.tcl.framework.custom)/@0x84bc3c0 - animation-leash#0)[3143].
2025-10-26 11:14:17.377   265-321   SurfaceFlinger          surfaceflinger                       E  remove layer (Surface(name=6419654 com.tcl.framework.custom)/@0x84bc3c0 - animation-leash#0)[3153].
2025-10-26 11:14:17.377   265-321   SurfaceFlinger          surfaceflinger                       E  remove layer (Surface(name=6419654 com.tcl.framework.custom)/@0x84bc3c0 - animation-leash#0)[3159].
2025-10-26 11:14:17.377   265-321   SurfaceFlinger          surfaceflinger                       E  last remove layer (Surface(name=6419654 com.tcl.framework.custom)/@0x84bc3c0 - animation-leash#0)[3174].
2025-10-26 11:14:18.005  4540-4540  TrackSelectorManager    com.teamsmart.videomanager.tv        E  Can't perform track selection. Mapped track info isn't initialized yet!
2025-10-26 11:14:18.005  4540-4540  TrackSelectorManager    com.teamsmart.videomanager.tv        E  Renderer isn't initialized. Waiting for later selection...
2025-10-26 11:14:18.006  4540-4540  TrackSelectorManager    com.teamsmart.videomanager.tv        E  Can't perform track selection. Mapped track info isn't initialized yet!
2025-10-26 11:14:18.006  4540-4540  TrackSelectorManager    com.teamsmart.videomanager.tv        E  Renderer isn't initialized. Waiting for later selection...
2025-10-26 11:14:18.007  4540-4540  TrackSelectorManager    com.teamsmart.videomanager.tv        E  Can't perform track selection. Mapped track info isn't initialized yet!
2025-10-26 11:14:18.007  4540-4540  TrackSelectorManager    com.teamsmart.videomanager.tv        E  Renderer isn't initialized. Waiting for later selection...
2025-10-26 11:14:18.070   265-265   SurfaceFlinger          surfaceflinger                       E  add layer (SurfaceView - com.teamsmart.videomanager.tv/com.liskovsoft.smartyoutubetv2.tv.ui.playback.PlaybackActivity#0)[3589].
2025-10-26 11:14:18.074   265-265   SurfaceFlinger          surfaceflinger                       E  add layer (Background for -SurfaceView - com.teamsmart.videomanager.tv/com.liskovsoft.smartyoutubetv2.tv.ui.playback.PlaybackActivity#0)[3589].
2025-10-26 11:14:18.177  4540-4646  TrackSelectorManager    com.teamsmart.videomanager.tv        E  Can't create selection. No match for the track com.liskovsoft.smartyoutubetv2.common.exoplayer.selector.track.SubtitleTrack@bf482e2
2025-10-26 11:14:18.562  4540-4540  ExoPlayerController     com.teamsmart.videomanager.tv        E  onPositionDiscontinuity
2025-10-26 11:14:19.650  4540-4725  RxHelper                com.teamsmart.videomanager.tv        E  fromNullable result is null
2025-10-26 11:14:19.997   382-382   CodecResource           media.codec                          E  [CRM] checkCapability: (video/nv12)
2025-10-26 11:14:20.021   382-382   OMXNodeInstance         media.codec                          E  getExtensionIndex(0xb0c260c0:realtek.decoder, OMX.google.android.index.storeMetaDataInBuffers) ERROR: Undefined(0x80001001)
2025-10-26 11:14:20.021   382-382   OMXNodeInstance         media.codec                          E  getExtensionIndex(0xb0c260c0:realtek.decoder, OMX.google.android.index.storeMetaDataInBuffers) ERROR: Undefined(0x80001001)
2025-10-26 11:14:20.028   382-382   OMXNodeInstance         media.codec                          E  getExtensionIndex(0xb0c260c0:realtek.decoder, OMX.google.android.index.storeMetaDataInBuffers) ERROR: Undefined(0x80001001)
2025-10-26 11:14:20.028  4540-4730  ACodec                  com.teamsmart.videomanager.tv        E  [OMX.realtek.video.decoder] setPortMode on output to DynamicANWBuffer failed w/ err -2147483648
2025-10-26 11:14:20.029   382-382   OMXNodeInstance         media.codec                          E  getExtensionIndex(0xb0c260c0:realtek.decoder, OMX.google.android.index.storeMetaDataInBuffers) ERROR: Undefined(0x80001001)
2025-10-26 11:14:20.033   382-382   OMXNodeInstance         media.codec                          E  setConfig(0xb0c260c0:realtek.decoder, ConfigPriority(0x6f800002)) ERROR: UnsupportedIndex(0x8000101a)
2025-10-26 11:14:20.034   382-382   OMXNodeInstance         media.codec                          E  getConfig(0xb0c260c0:realtek.decoder, ConfigAndroidVendorExtension(0x6f100004)) ERROR: UnsupportedIndex(0x8000101a)
2025-10-26 11:14:20.154   382-4732  CodecResource           media.codec                          E  [CRM] (0xaf6fb100)Construct
2025-10-26 11:14:20.154   382-4734  CodecResource           media.codec                          E  [CRM] (0xaf6fb100) wait events
2025-10-26 11:14:20.154   382-4732  CodecResource           media.codec                          E  acquireResource codec(avc) max_width(1920) max_height(1080) fps(24000) encoder(0) adaptive(1) try_acquire(0)
2025-10-26 11:14:20.155   382-4732  OMX_VDEC                media.codec                          E  resource max w 1920 h 1088
2025-10-26 11:14:20.327   382-2854  OMXNodeInstance         media.codec                          E  getExtensionIndex(0xb1029840:google.aac.decoder, OMX.google.android.index.storeMetaDataInBuffers) ERROR: UnsupportedIndex(0x8000101a)
2025-10-26 11:14:20.328   382-382   OMXNodeInstance         media.codec                          E  setConfig(0xb1029840:google.aac.decoder, ConfigPriority(0x6f800002)) ERROR: Undefined(0x80001001)
2025-10-26 11:14:20.329   382-382   OMXNodeInstance         media.codec                          E  getConfig(0xb1029840:google.aac.decoder, ConfigAndroidVendorExtension(0x6f100004)) ERROR: Undefined(0x80001001)
2025-10-26 11:14:20.636  4540-4725  RxHelper                com.teamsmart.videomanager.tv        E  fromNullable result is null
2025-10-26 11:14:20.665  4540-4725  RxHelper                com.teamsmart.videomanager.tv        E  fromNullable result is null
2025-10-26 11:14:20.699  4540-4725  RxHelper                com.teamsmart.videomanager.tv        E  fromNullable result is null
2025-10-26 11:14:20.730  4540-4725  RxHelper                com.teamsmart.videomanager.tv        E  fromNullable result is null
2025-10-26 11:14:20.764  4540-4725  RxHelper                com.teamsmart.videomanager.tv        E  fromNullable result is null
2025-10-26 11:14:20.791  4540-4725  RxHelper                com.teamsmart.videomanager.tv        E  fromNullable result is null
2025-10-26 11:14:20.841  4540-4725  RxHelper                com.teamsmart.videomanager.tv        E  fromNullable result is null
2025-10-26 11:14:20.869  4540-4725  RxHelper                com.teamsmart.videomanager.tv        E  fromNullable result is null
2025-10-26 11:14:20.896  4540-4725  RxHelper                com.teamsmart.videomanager.tv        E  fromNullable result is null
2025-10-26 11:14:20.902  4540-4540  TrackSelectorManager    com.teamsmart.videomanager.tv        E  Something went wrong. Selected track not found
2025-10-26 11:14:21.356  4540-4646  TrackSelectorManager    com.teamsmart.videomanager.tv        E  Can't create selection. No match for the track com.liskovsoft.smartyoutubetv2.common.exoplayer.selector.track.SubtitleTrack@bf482e2
2025-10-26 11:14:21.467   243-361   CodecResource           and...graphics.composer@2.1-service  E  [CRM] (0xa6ca0000)Construct
2025-10-26 11:14:21.468   243-361   CodecResource           and...graphics.composer@2.1-service  E  registerResource coreType(0) vport(1) aport(0) mixport(0) max_width(0) max_height(0) encoder(0)
2025-10-26 11:14:21.471   243-4745  CodecResource           and...graphics.composer@2.1-service  E  [CRM] (0xa6ca0000) wait events
2025-10-26 11:14:21.555   854-1310  bt_btif                 com.android.bluetooth                E  register_notification_rsp: Avrcp device is not connected, handle: 0x0
2025-10-26 11:14:21.558   854-1310  bt_btif                 com.android.bluetooth                E  register_notification_rsp: Avrcp device is not connected, handle: 0x0
2025-10-26 11:14:21.755   854-1310  bt_btif                 com.android.bluetooth                E  register_notification_rsp: Avrcp device is not connected, handle: 0x0
2025-10-26 11:14:21.755   854-1310  bt_btif                 com.android.bluetooth                E  register_notification_rsp: Avrcp device is not connected, handle: 0x0
2025-10-26 11:14:22.119  4540-4730  ACodec                  com.teamsmart.videomanager.tv        E  dropped buffer - (apk discard)
2025-10-26 11:14:22.634  4540-4540  SuggestionsController   com.teamsmart.videomanager.tv        E  continueGroup error: fromNullable result is null
2025-10-26 11:14:22.639  4540-4540  SuggestionsController   com.teamsmart.videomanager.tv        E  continueGroup error: fromNullable result is null
2025-10-26 11:14:22.655  4540-4540  SuggestionsController   com.teamsmart.videomanager.tv        E  continueGroup error: fromNullable result is null
2025-10-26 11:14:23.262   380-451   storaged                storaged                             E  getDiskStats failed with result NOT_SUPPORTED and size 0
2025-10-26 11:14:27.890   854-1302  bt_stack                com.android.bluetooth                E  [ERROR:gatt_cl.cc(1074)] gatt_client_handle_server_rspgatt_client_handle_server_rsp libs_liu opcode =  
2025-10-26 11:14:27.982   854-1310  bt_btif                 com.android.bluetooth                E  register_notification_rsp: Avrcp device is not connected, handle: 0x0
2025-10-26 11:14:27.982   854-1310  bt_btif                 com.android.bluetooth                E  register_notification_rsp: Avrcp device is not connected, handle: 0x0
2025-10-26 11:14:31.284   854-1302  bt_stack                com.android.bluetooth                E  [ERROR:gatt_cl.cc(1074)] gatt_client_handle_server_rspgatt_client_handle_server_rsp libs_liu opcode =  
2025-10-26 11:14:31.403  4540-4540  ExoPlayerController     com.teamsmart.videomanager.tv        E  onPositionDiscontinuity
2025-10-26 11:14:31.420  4540-4730  ACodec                  com.teamsmart.videomanager.tv        E  dropped buffer - (apk discard)
2025-10-26 11:14:31.421  4540-4730  ACodec                  com.teamsmart.videomanager.tv        E  dropped buffer - (apk discard)
2025-10-26 11:14:32.213  4540-4730  ACodec                  com.teamsmart.videomanager.tv        E  dropped buffer - (apk discard)
2025-10-26 11:14:32.217  4540-4730  ACodec                  com.teamsmart.videomanager.tv        E  dropped buffer - (apk discard)
2025-10-26 11:14:32.219  4540-4730  ACodec                  com.teamsmart.videomanager.tv        E  dropped buffer - (apk discard)
2025-10-26 11:14:32.221  4540-4730  ACodec                  com.teamsmart.videomanager.tv        E  dropped buffer - (apk discard)
2025-10-26 11:14:32.224  4540-4730  ACodec                  com.teamsmart.videomanager.tv        E  dropped buffer - (apk discard)
2025-10-26 11:14:32.226  4540-4730  ACodec                  com.teamsmart.videomanager.tv        E  dropped buffer - (apk discard)
2025-10-26 11:14:32.244  4540-4730  ACodec                  com.teamsmart.videomanager.tv        E  dropped buffer - (apk discard)
2025-10-26 11:14:32.246  4540-4730  ACodec                  com.teamsmart.videomanager.tv        E  dropped buffer - (apk discard)
2025-10-26 11:14:32.265  4540-4730  ACodec                  com.teamsmart.videomanager.tv        E  dropped buffer - (apk discard)
2025-10-26 11:14:32.267  4540-4730  ACodec                  com.teamsmart.videomanager.tv        E  dropped buffer - (apk discard)
2025-10-26 11:14:32.268  4540-4730  ACodec                  com.teamsmart.videomanager.tv        E  dropped buffer - (apk discard)
2025-10-26 11:14:32.282  4540-4730  ACodec                  com.teamsmart.videomanager.tv        E  dropped buffer - (apk discard)
2025-10-26 11:14:32.285  4540-4730  ACodec                  com.teamsmart.videomanager.tv        E  dropped buffer - (apk discard)
2025-10-26 11:14:32.287  4540-4730  ACodec                  com.teamsmart.videomanager.tv        E  dropped buffer - (apk discard)
2025-10-26 11:14:32.299  4540-4730  ACodec                  com.teamsmart.videomanager.tv        E  dropped buffer - (apk discard)
2025-10-26 11:14:32.301  4540-4730  ACodec                  com.teamsmart.videomanager.tv        E  dropped buffer - (apk discard)
2025-10-26 11:14:32.328  4540-4730  ACodec                  com.teamsmart.videomanager.tv        E  dropped buffer - (apk discard)
2025-10-26 11:14:32.329  4540-4730  ACodec                  com.teamsmart.videomanager.tv        E  dropped buffer - (apk discard)
2025-10-26 11:14:32.331  4540-4730  ACodec                  com.teamsmart.videomanager.tv        E  dropped buffer - (apk discard)
2025-10-26 11:14:32.332  4540-4730  ACodec                  com.teamsmart.videomanager.tv        E  dropped buffer - (apk discard)
2025-10-26 11:14:32.353  4540-4730  ACodec                  com.teamsmart.videomanager.tv        E  dropped buffer - (apk discard)
2025-10-26 11:14:32.361  4540-4730  ACodec                  com.teamsmart.videomanager.tv        E  dropped buffer - (apk discard)
2025-10-26 11:14:32.363  4540-4730  ACodec                  com.teamsmart.videomanager.tv        E  dropped buffer - (apk discard)
2025-10-26 11:14:32.376  4540-4730  ACodec                  com.teamsmart.videomanager.tv        E  dropped buffer - (apk discard)
2025-10-26 11:14:32.388  4540-4730  ACodec                  com.teamsmart.videomanager.tv        E  dropped buffer - (apk discard)
2025-10-26 11:14:32.391  4540-4730  ACodec                  com.teamsmart.videomanager.tv        E  dropped buffer - (apk discard)
2025-10-26 11:14:32.393  4540-4730  ACodec                  com.teamsmart.videomanager.tv        E  dropped buffer - (apk discard)
2025-10-26 11:14:32.394  4540-4730  ACodec                  com.teamsmart.videomanager.tv        E  dropped buffer - (apk discard)
2025-10-26 11:14:32.419  4540-4730  ACodec                  com.teamsmart.videomanager.tv        E  dropped buffer - (apk discard)
2025-10-26 11:14:32.422  4540-4730  ACodec                  com.teamsmart.videomanager.tv        E  dropped buffer - (apk discard)
2025-10-26 11:14:32.424  4540-4730  ACodec                  com.teamsmart.videomanager.tv        E  dropped buffer - (apk discard)
2025-10-26 11:14:32.426  4540-4730  ACodec                  com.teamsmart.videomanager.tv        E  dropped buffer - (apk discard)
2025-10-26 11:14:32.435  4540-4730  ACodec                  com.teamsmart.videomanager.tv        E  dropped buffer - (apk discard)
2025-10-26 11:14:32.437  4540-4730  ACodec                  com.teamsmart.videomanager.tv        E  dropped buffer - (apk discard)
2025-10-26 11:14:32.446  4540-4730  ACodec                  com.teamsmart.videomanager.tv        E  dropped buffer - (apk discard)
2025-10-26 11:14:32.457  4540-4730  ACodec                  com.teamsmart.videomanager.tv        E  dropped buffer - (apk discard)
2025-10-26 11:14:32.472  4540-4730  ACodec                  com.teamsmart.videomanager.tv        E  dropped buffer - (apk discard)
2025-10-26 11:14:32.475  4540-4730  ACodec                  com.teamsmart.videomanager.tv        E  dropped buffer - (apk discard)
2025-10-26 11:14:32.477  4540-4730  ACodec                  com.teamsmart.videomanager.tv        E  dropped buffer - (apk discard)
2025-10-26 11:14:32.478  4540-4730  ACodec                  com.teamsmart.videomanager.tv        E  dropped buffer - (apk discard)
2025-10-26 11:14:32.499  4540-4730  ACodec                  com.teamsmart.videomanager.tv        E  dropped buffer - (apk discard)
2025-10-26 11:14:32.503  4540-4730  ACodec                  com.teamsmart.videomanager.tv        E  dropped buffer - (apk discard)
2025-10-26 11:14:32.504  4540-4730  ACodec                  com.teamsmart.videomanager.tv        E  dropped buffer - (apk discard)
2025-10-26 11:14:33.142   854-1310  bt_btif                 com.android.bluetooth                E  register_notification_rsp: Avrcp device is not connected, handle: 0x0
2025-10-26 11:14:33.144   854-1310  bt_btif                 com.android.bluetooth                E  register_notification_rsp: Avrcp device is not connected, handle: 0x0
2025-10-26 11:14:36.449   854-1302  bt_stack                com.android.bluetooth                E  [ERROR:gatt_cl.cc(1074)] gatt_client_handle_server_rspgatt_client_handle_server_rsp libs_liu opcode =  
2025-10-26 11:14:36.606   854-1302  bt_stack                com.android.bluetooth                E  [ERROR:gatt_cl.cc(1074)] gatt_client_handle_server_rspgatt_client_handle_server_rsp libs_liu opcode =  
2025-10-26 11:14:36.976   265-265   SurfaceFlinger          surfaceflinger                       E  add layer (4fd93c6 TooltipPopup#0)[3589].
2025-10-26 11:14:37.021   265-265   SurfaceFlinger          surfaceflinger                       E  add layer (TooltipPopup#0)[3589].
2025-10-26 11:14:37.048  4540-4590  libc                    com.teamsmart.videomanager.tv        E  Access denied finding property "rtk.ddk.disableSpeedup_1"
2025-10-26 11:14:37.102   854-1302  bt_stack                com.android.bluetooth                E  [ERROR:gatt_cl.cc(1074)] gatt_client_handle_server_rspgatt_client_handle_server_rsp libs_liu opcode =  
2025-10-26 11:14:37.102   265-265   libc                    surfaceflinger                       A  Fatal signal 6 (SIGABRT), code -6 (SI_TKILL) in tid 265 (surfaceflinger), pid 265 (surfaceflinger)
2025-10-26 11:14:37.202   854-1302  bt_stack                com.android.bluetooth                E  [ERROR:gatt_cl.cc(1074)] gatt_client_handle_server_rspgatt_client_handle_server_rsp libs_liu opcode =  
2025-10-26 11:14:37.296   265-798   SurfaceFlinger          surfaceflinger                       E  remove layer (TooltipPopup#0)[3690].
2025-10-26 11:14:37.296   265-798   SurfaceFlinger          surfaceflinger                       E  remove layer (TooltipPopup#0)[3134](0)(0x0xa59b9000).
2025-10-26 11:14:37.296   265-798   SurfaceFlinger          surfaceflinger                       E  remove layer (TooltipPopup#0)[3139](84, 47).
2025-10-26 11:14:37.296   265-798   SurfaceFlinger          surfaceflinger                       E  remove layer (TooltipPopup#0)[3143].
2025-10-26 11:14:37.296   265-798   SurfaceFlinger          surfaceflinger                       E  remove layer (TooltipPopup#0)[3153].
2025-10-26 11:14:37.296   265-798   SurfaceFlinger          surfaceflinger                       E  remove layer (TooltipPopup#0)[3159].
2025-10-26 11:14:37.296   265-798   SurfaceFlinger          surfaceflinger                       E  last remove layer (TooltipPopup#0)[3174].
2025-10-26 11:14:37.297   265-798   SurfaceFlinger          surfaceflinger                       E  remove layer (TooltipPopup#0)[3712].
2025-10-26 11:14:37.305   265-798   SurfaceFlinger          surfaceflinger                       E  remove layer (4fd93c6 TooltipPopup#0)[3134](0)(0x0xa59a0000).
2025-10-26 11:14:37.305   265-798   SurfaceFlinger          surfaceflinger                       E  remove layer (4fd93c6 TooltipPopup#0)[3139](2560, 2560).
2025-10-26 11:14:37.305   265-798   SurfaceFlinger          surfaceflinger                       E  remove layer (4fd93c6 TooltipPopup#0)[3143].
2025-10-26 11:14:37.305   265-798   SurfaceFlinger          surfaceflinger                       E  remove layer (4fd93c6 TooltipPopup#0)[3153].
2025-10-26 11:14:37.305   265-798   SurfaceFlinger          surfaceflinger                       E  remove layer (4fd93c6 TooltipPopup#0)[3159].
2025-10-26 11:14:37.305   265-798   SurfaceFlinger          surfaceflinger                       E  last remove layer (4fd93c6 TooltipPopup#0)[3174].
2025-10-26 11:14:37.328  4795-4795  DEBUG                   pid-4795                             A  *** *** *** *** *** *** *** *** *** *** *** *** *** *** *** ***
2025-10-26 11:14:37.328  4795-4795  DEBUG                   pid-4795                             A  Build fingerprint: 'TCL/UnionTV/UnionTV:9/PPR2.180905.006.A1/builder.20210125.083312:user/release-keys'
2025-10-26 11:14:37.329  4795-4795  DEBUG                   pid-4795                             A  Revision: '0'
2025-10-26 11:14:37.329  4795-4795  DEBUG                   pid-4795                             A  ABI: 'arm'
2025-10-26 11:14:37.329  4795-4795  DEBUG                   pid-4795                             A  pid: 265, tid: 265, name: surfaceflinger  >>> /system/bin/surfaceflinger <<<
2025-10-26 11:14:37.329  4795-4795  DEBUG                   pid-4795                             A  signal 6 (SIGABRT), code -6 (SI_TKILL), fault addr --------
2025-10-26 11:14:37.329  4795-4795  DEBUG                   pid-4795                             A  Abort message: 'ubsan: add-overflow'
2025-10-26 11:14:37.329  4795-4795  DEBUG                   pid-4795                             A      r0  00000000  r1  00000109  r2  00000006  r3  a861b620
2025-10-26 11:14:37.329  4795-4795  DEBUG                   pid-4795                             A      r4  00000109  r5  00000109  r6  bed5e55c  r7  0000010c
2025-10-26 11:14:37.329  4795-4795  DEBUG                   pid-4795                             A      r8  a59b9060  r9  00000000  r10 a59b9000  r11 bed5e7a8
2025-10-26 11:14:37.329  4795-4795  DEBUG                   pid-4795                             A      ip  00000001  sp  bed5e548  lr  a85a701d  pc  a859eda2
2025-10-26 11:14:37.459  4795-4795  DEBUG                   pid-4795                             A  
                                                                                                    backtrace:
2025-10-26 11:14:37.459  4795-4795  DEBUG                   pid-4795                             A      #00 pc 0001cda2  /system/lib/libc.so (abort+62)
2025-10-26 11:14:37.459  4795-4795  DEBUG                   pid-4795                             A      #01 pc 00016fec  /system/lib/libui.so (abort_with_message(char const*)+24)
2025-10-26 11:14:37.459  4795-4795  DEBUG                   pid-4795                             A      #02 pc 00017048  /system/lib/libui.so (__ubsan_handle_add_overflow_minimal_abort+24)
2025-10-26 11:14:37.459  4795-4795  DEBUG                   pid-4795                             A      #03 pc 00014799  /system/lib/libui.so (android::Rect::offsetBy(int, int)+48)
2025-10-26 11:14:37.460  4795-4795  DEBUG                   pid-4795                             A      #04 pc 00015a0b  /system/lib/libui.so (android::Region::translate(android::Region&, android::Region const&, int, int)+74)
2025-10-26 11:14:37.460  4795-4795  DEBUG                   pid-4795                             A      #05 pc 0001599b  /system/lib/libui.so (android::Region::translate(int, int) const+66)
2025-10-26 11:14:37.460  4795-4795  DEBUG                   pid-4795                             A      #06 pc 0009186d  /system/lib/libsurfaceflinger.so (android::Transform::transform(android::Region const&) const+112)
2025-10-26 11:14:37.460  4795-4795  DEBUG                   pid-4795                             A      #07 pc 0003f6e1  /system/lib/libsurfaceflinger.so (android::BufferLayer::latchBuffer(bool&, long long)+2848)
2025-10-26 11:14:37.460  4795-4795  DEBUG                   pid-4795                             A      #08 pc 00072a87  /system/lib/libsurfaceflinger.so (android::SurfaceFlinger::onMessageReceived(int)+2962)
2025-10-26 11:14:37.460  4795-4795  DEBUG                   pid-4795                             A      #09 pc 0000f1c9  /system/lib/libutils.so (android::Looper::pollInner(int)+284)
2025-10-26 11:14:37.460  4795-4795  DEBUG                   pid-4795                             A      #10 pc 0000f02b  /system/lib/libutils.so (android::Looper::pollOnce(int, int*, int*, void**)+26)
2025-10-26 11:14:37.460  4795-4795  DEBUG                   pid-4795                             A      #11 pc 00066d8b  /system/lib/libsurfaceflinger.so (android::impl::MessageQueue::waitMessage()+62)
2025-10-26 11:14:37.460  4795-4795  DEBUG                   pid-4795                             A      #12 pc 000717f1  /system/lib/libsurfaceflinger.so (android::SurfaceFlinger::run()+8)
2025-10-26 11:14:37.460  4795-4795  DEBUG                   pid-4795                             A      #13 pc 00002815  /system/bin/surfaceflinger (main+644)
2025-10-26 11:14:37.460  4795-4795  DEBUG                   pid-4795                             A      #14 pc 0008bc15  /system/lib/libc.so (__libc_init+48)
2025-10-26 11:14:37.461  4795-4795  DEBUG                   pid-4795                             A      #15 pc 0000254f  /system/bin/surfaceflinger (_start_main+46)
2025-10-26 11:14:37.461  4795-4795  DEBUG                   pid-4795                             A      #16 pc 00000306  <anonymous:a8b2a000>
2025-10-26 11:14:37.916  4540-4590  OpenGLRenderer          com.teamsmart.videomanager.tv        E  Display event receiver pipe was closed or an error occurred.  events=0x9
2025-10-26 11:14:37.916   608-632   DisplayEventDispatcher  system_server                        E  Display event receiver pipe was closed or an error occurred.  events=0x9
2025-10-26 11:14:37.917   389-389   /system/bin/tombstoned  tombstoned                           E  Tombstone written to: /data/tombstones/tombstone_04
2025-10-26 11:14:37.918   877-877   DisplayEventDispatcher  com.android.systemui                 E  Display event receiver pipe was closed or an error occurred.  events=0x9
2025-10-26 11:14:37.918  1433-2514  DisplayEventDispatcher  com.google.android.tvlauncher        E  Display event receiver pipe was closed or an error occurred.  events=0x9
2025-10-26 11:14:37.921  1433-1742  OpenGLRenderer          com.google.android.tvlauncher        E  Display event receiver pipe was closed or an error occurred.  events=0x9
2025-10-26 11:14:37.921   608-778   DisplayEventDispatcher  system_server                        E  Display event receiver pipe was closed or an error occurred.  events=0x9
2025-10-26 11:14:37.922  1433-1433  DisplayEventDispatcher  com.google.android.tvlauncher        E  Display event receiver pipe was closed or an error occurred.  events=0x9
2025-10-26 11:14:37.922   877-1214  OpenGLRenderer          com.android.systemui                 E  Display event receiver pipe was closed or an error occurred.  events=0x9
2025-10-26 11:14:37.922   608-779   DisplayEventDispatcher  system_server                        E  Display event receiver pipe was closed or an error occurred.  events=0x9
2025-10-26 11:14:37.922   608-657   DisplayEventDispatcher  system_server                        E  Display event receiver pipe was closed or an error occurred.  events=0x9
2025-10-26 11:14:37.923   608-654   DisplayEventDispatcher  system_server                        E  Display event receiver pipe was closed or an error occurred.  events=0x9
2025-10-26 11:14:37.923   608-654   DisplayEventDispatcher  system_server                        E  Display event receiver pipe was closed or an error occurred.  events=0x9
2025-10-26 11:14:37.923  4540-4645  DisplayEventDispatcher  com.teamsmart.videomanager.tv        E  Display event receiver pipe was closed or an error occurred.  events=0x9
2025-10-26 11:14:37.924  4540-4540  DisplayEventDispatcher  com.teamsmart.videomanager.tv        E  Display event receiver pipe was closed or an error occurred.  events=0x9
2025-10-26 11:14:37.923  1483-1483  DisplayEventDispatcher  com.spotify.tv.android               E  Display event receiver pipe was closed or an error occurred.  events=0x9
2025-10-26 11:14:37.924   608-778   DisplayEventDispatcher  system_server                        E  Display event receiver pipe was closed or an error occurred.  events=0x9
2025-10-26 11:14:37.926  4540-4730  ACodec                  com.teamsmart.videomanager.tv        E  dequeueBuffer failed: DEAD_OBJECT(-32).
2025-10-26 11:14:37.927   243-2496  RTKHWC2                 and...graphics.composer@2.1-service  E  surfaceflinger has been reset
2025-10-26 11:14:37.928   243-2496  [Gralloc-ERROR]         and...graphics.composer@2.1-service  E  gralloc_unregister_buffer:286 Can't unregister buffer 0xa6caa300 as it is a framebuffer
2025-10-26 11:14:37.928   243-2496  [Gralloc-ERROR]         and...graphics.composer@2.1-service  E  gralloc_unregister_buffer:286 Can't unregister buffer 0xa6caa2a0 as it is a framebuffer
2025-10-26 11:14:37.928   243-2496  [Gralloc-ERROR]         and...graphics.composer@2.1-service  E  gralloc_unregister_buffer:286 Can't unregister buffer 0xa6caa1e0 as it is a framebuffer
2025-10-26 11:14:38.046   243-361   CodecResource           and...graphics.composer@2.1-service  E  [CRM] Free monitor 0xa6ca0000, isReclaim=0
2025-10-26 11:14:38.046   243-361   CodecResource           and...graphics.composer@2.1-service  E  [CRM] (0xa6ca0000)Destruct
2025-10-26 11:14:38.046   243-4745  CodecResource           and...graphics.composer@2.1-service  E  [CRM] receive cancel event
2025-10-26 11:14:38.046   243-4745  CodecResource           and...graphics.composer@2.1-service  E  [CRM] (0xa6ca0000)break while, defer=0
2025-10-26 11:14:38.434   256-3142  libc                    vendor.realtek.tv@1.0-service        E  Access denied finding property "rtk.tvservice.dump.level"
2025-10-26 11:14:38.437   256-3142  libc                    vendor.realtek.tv@1.0-service        E  Access denied finding property "rtk.tvservice.dump.level"
2025-10-26 11:14:38.489   369-369   motiondaemon            motionclient                         E  1111 Lemon_Test 00-04 motionCotroller Inotify readInotifyEvents  :200
2025-10-26 11:14:38.489   369-369   motiondaemon            motionclient                         E  1111 Lemon_Test  00-06 motionCotroller Remove Inotify readInotifyEvents  :200
2025-10-26 11:14:38.507   233-1238  android.ha...h@1.0-impl and...ardware.bluetooth@1.0-service  E  VendorInterface -> Unable to call aclDataReceived()
2025-10-26 11:14:38.507   233-1230  android.ha...h@1.0-impl and...ardware.bluetooth@1.0-service  E  BluetoothDeathRecipient::serviceDied - Bluetooth service died
2025-10-26 11:14:38.507   233-1238  android.ha...h@1.0-impl and...ardware.bluetooth@1.0-service  E  VendorInterface -> Unable to call aclDataReceived()
2025-10-26 11:14:38.556   233-1236  bt_userial_vendor       and...ardware.bluetooth@1.0-service  E  receive exit signal and stop thread 
---------------------------- PROCESS ENDED (4540) for package com.teamsmart.videomanager.tv ----------------------------
2025-10-26 11:14:38.616   382-2854  OMXNodeInstance         media.codec                          E  !!! Observer died. Quickly, do something, ... anything...
2025-10-26 11:14:38.616   382-382   OMXNodeInstance         media.codec                          E  !!! Observer died. Quickly, do something, ... anything...
2025-10-26 11:14:38.752   382-4732  CodecResource           media.codec                          E  [CRM] Free client 0xaf6fb100, isReclaim=0
2025-10-26 11:14:38.753   382-4732  CodecResource           media.codec                          E  [CRM] (0xaf6fb100)Destruct
2025-10-26 11:14:38.753   382-4734  CodecResource           media.codec                          E  [CRM] receive cancel event
2025-10-26 11:14:38.753   382-4734  CodecResource           media.codec                          E  [CRM] (0xaf6fb100)break while, defer=0
2025-10-26 11:14:39.089  4818-4818  audiohalservice         pid-4818                             E  Could not get passthrough implementation for android.hardware.audio@4.0::IDevicesFactory/default.
2025-10-26 11:14:39.111  4818-4818  audiohalservice         pid-4818                             E  Could not get passthrough implementation for android.hardware.audio.effect@4.0::IEffectsFactory/default.
2025-10-26 11:14:39.153  4818-4818  audiohalservice         pid-4818                             E  Could not get passthrough implementation for android.hardware.soundtrigger@2.1::ISoundTriggerHw/default.
2025-10-26 11:14:39.174  4818-4818  audiohalservice         pid-4818                             E  Could not get passthrough implementation for android.hardware.bluetooth.a2dp@1.0::IBluetoothAudioOffload/default.
2025-10-26 11:14:39.175  4818-4821  sound_trig...hw_default pid-4818                             E  Opening socket
2025-10-26 11:14:39.175  4818-4821  sound_trig...hw_default pid-4818                             E  Error on socket creation: Permission denied
2025-10-26 11:14:39.175  4818-4821  sound_trig...hw_default pid-4818                             E  setsockopt(SO_REUSEADDR) failed
2025-10-26 11:14:39.175  4818-4821  sound_trig...hw_default pid-4818                             E  Error on bind
2025-10-26 11:14:39.175  4818-4821  sound_trig...hw_default pid-4818                             E  Error on Listen
2025-10-26 11:14:39.175  4818-4821  sound_trig...hw_default pid-4818                             E  Closing socket
