2025-10-26 10:39:58.119   269-642   SurfaceFlinger          surfaceflinger                       E  last remove layer (Surface(name=AppWindowToken{d2cde33 token=Token{bff21a2 ActivityRecord{611a16d u0 com.teamsmart.videomanager.tv/com.liskovsoft.smartyoutubetv2.tv.ui.playback.PlaybackActivity t27400}}})/@0xb587cd9 - animation-leash#0)[3174].
2025-10-26 10:39:58.423   852-1312  bt_btif                 com.android.bluetooth                E  register_notification_rsp: Avrcp device is not connected, handle: 0x0
2025-10-26 10:39:58.424   852-1312  bt_btif                 com.android.bluetooth                E  register_notification_rsp: Avrcp device is not connected, handle: 0x0
2025-10-26 10:39:58.488  7275-7275  TrackSelectorManager    com.teamsmart.videomanager.tv        E  Can't perform track selection. Mapped track info isn't initialized yet!
2025-10-26 10:39:58.626   269-269   SurfaceFlinger          surfaceflinger                       E  add layer (4405a4d com.teamsmart.videomanager.tv/com.liskovsoft.smartyoutubetv2.tv.ui.playback.PlaybackActivity#0)[3589].
2025-10-26 10:39:58.700   269-269   SurfaceFlinger          surfaceflinger                       E  add layer (com.teamsmart.videomanager.tv/com.liskovsoft.smartyoutubetv2.tv.ui.playback.PlaybackActivity#0)[3589].
2025-10-26 10:39:58.743  7275-7318  libc                    com.teamsmart.videomanager.tv        E  Access denied finding property "rtk.ddk.disableSpeedup_1"
2025-10-26 10:39:58.776  2553-2553  cast_shell              com.google.android.apps.mediashell   E  [2553:2553:ERROR:legacy_app_id_mapper_impl.cc(58)] Unknown app_id AndroidNativeApp
2025-10-26 10:39:58.777  2553-2553  cast_shell              com.google.android.apps.mediashell   E  [2553:2553:ERROR:legacy_app_id_mapper_impl.cc(58)] Unknown app_id AndroidNativeApp
2025-10-26 10:39:58.828  2553-2553  cast_shell              com.google.android.apps.mediashell   E  [2553:2553:ERROR:legacy_app_id_mapper_impl.cc(58)] Unknown app_id AndroidNativeApp
2025-10-26 10:39:58.965  2553-2553  cast_shell              com.google.android.apps.mediashell   E  [2553:2553:ERROR:legacy_app_id_mapper_impl.cc(58)] Unknown app_id AndroidNativeApp
2025-10-26 10:39:58.967  2553-2553  cast_shell              com.google.android.apps.mediashell   E  [2553:2553:ERROR:legacy_app_id_mapper_impl.cc(58)] Unknown app_id AndroidNativeApp
2025-10-26 10:39:58.980  2553-2553  cast_shell              com.google.android.apps.mediashell   E  [2553:2553:ERROR:legacy_app_id_mapper_impl.cc(58)] Unknown app_id AndroidNativeApp
2025-10-26 10:39:58.988  2553-2553  cast_shell              com.google.android.apps.mediashell   E  [2553:2553:ERROR:legacy_app_id_mapper_impl.cc(58)] Unknown app_id AndroidNativeApp
2025-10-26 10:39:59.012  2553-2553  cast_shell              com.google.android.apps.mediashell   E  [2553:2553:ERROR:legacy_app_id_mapper_impl.cc(58)] Unknown app_id AndroidNativeApp
2025-10-26 10:39:59.016  2553-2553  cast_shell              com.google.android.apps.mediashell   E  [2553:2553:ERROR:legacy_app_id_mapper_impl.cc(58)] Unknown app_id AndroidNativeApp
2025-10-26 10:39:59.018  2553-2553  cast_shell              com.google.android.apps.mediashell   E  [2553:2553:ERROR:legacy_app_id_mapper_impl.cc(58)] Unknown app_id AndroidNativeApp
2025-10-26 10:39:59.022  2553-2553  cast_shell              com.google.android.apps.mediashell   E  [2553:2553:ERROR:legacy_app_id_mapper_impl.cc(58)] Unknown app_id AndroidNativeApp
2025-10-26 10:39:59.024  2553-2553  cast_shell              com.google.android.apps.mediashell   E  [2553:2553:ERROR:legacy_app_id_mapper_impl.cc(58)] Unknown app_id AndroidNativeApp
2025-10-26 10:39:59.412   269-269   SurfaceFlinger          surfaceflinger                       E  add layer (Surface(name=515dc87 Splash Screen com.teamsmart.videomanager.tv)/@0x3d2c34e - animation-leash#0)[3589].
2025-10-26 10:39:59.590   269-321   SurfaceFlinger          surfaceflinger                       E  remove layer (com.teamsmart.videomanager.tv/com.liskovsoft.smartyoutubetv2.tv.ui.moviedetails.MovieDetailsActivity#0)[3690].
2025-10-26 10:39:59.591   269-321   SurfaceFlinger          surfaceflinger                       E  remove layer (com.teamsmart.videomanager.tv/com.liskovsoft.smartyoutubetv2.tv.ui.moviedetails.MovieDetailsActivity#0)[3134](0)(0x0xaa69c000).
2025-10-26 10:39:59.591   269-321   SurfaceFlinger          surfaceflinger                       E  remove layer (com.teamsmart.videomanager.tv/com.liskovsoft.smartyoutubetv2.tv.ui.moviedetails.MovieDetailsActivity#0)[3139](1280, 720).
2025-10-26 10:39:59.591   269-321   SurfaceFlinger          surfaceflinger                       E  remove layer (com.teamsmart.videomanager.tv/com.liskovsoft.smartyoutubetv2.tv.ui.moviedetails.MovieDetailsActivity#0)[3143].
2025-10-26 10:39:59.591   269-321   SurfaceFlinger          surfaceflinger                       E  remove layer (com.teamsmart.videomanager.tv/com.liskovsoft.smartyoutubetv2.tv.ui.moviedetails.MovieDetailsActivity#0)[3153].
2025-10-26 10:39:59.591   269-321   SurfaceFlinger          surfaceflinger                       E  remove layer (com.teamsmart.videomanager.tv/com.liskovsoft.smartyoutubetv2.tv.ui.moviedetails.MovieDetailsActivity#0)[3159].
2025-10-26 10:39:59.591   269-321   SurfaceFlinger          surfaceflinger                       E  last remove layer (com.teamsmart.videomanager.tv/com.liskovsoft.smartyoutubetv2.tv.ui.moviedetails.MovieDetailsActivity#0)[3174].
2025-10-26 10:39:59.591   269-321   SurfaceFlinger          surfaceflinger                       E  remove layer (com.teamsmart.videomanager.tv/com.liskovsoft.smartyoutubetv2.tv.ui.moviedetails.MovieDetailsActivity#0)[3712].
2025-10-26 10:39:59.662   269-641   SurfaceFlinger          surfaceflinger                       E  remove layer (Splash Screen com.teamsmart.videomanager.tv#0)[3690].
2025-10-26 10:39:59.662   269-641   SurfaceFlinger          surfaceflinger                       E  remove layer (Splash Screen com.teamsmart.videomanager.tv#0)[3134](0)(0x0xaabe1000).
2025-10-26 10:39:59.663   269-641   SurfaceFlinger          surfaceflinger                       E  remove layer (Splash Screen com.teamsmart.videomanager.tv#0)[3139](1280, 720).
2025-10-26 10:39:59.663   269-641   SurfaceFlinger          surfaceflinger                       E  remove layer (Splash Screen com.teamsmart.videomanager.tv#0)[3143].
2025-10-26 10:39:59.663   269-641   SurfaceFlinger          surfaceflinger                       E  remove layer (Splash Screen com.teamsmart.videomanager.tv#0)[3153].
2025-10-26 10:39:59.663   269-641   SurfaceFlinger          surfaceflinger                       E  remove layer (Splash Screen com.teamsmart.videomanager.tv#0)[3159].
2025-10-26 10:39:59.663   269-641   SurfaceFlinger          surfaceflinger                       E  last remove layer (Splash Screen com.teamsmart.videomanager.tv#0)[3174].
2025-10-26 10:39:59.673   269-321   SurfaceFlinger          surfaceflinger                       E  remove layer (Surface(name=515dc87 Splash Screen com.teamsmart.videomanager.tv)/@0x3d2c34e - animation-leash#0)[3134](0)(0x0xaa6ce000).
2025-10-26 10:39:59.673   269-321   SurfaceFlinger          surfaceflinger                       E  remove layer (Surface(name=515dc87 Splash Screen com.teamsmart.videomanager.tv)/@0x3d2c34e - animation-leash#0)[3139](2560, 2560).
2025-10-26 10:39:59.673   269-321   SurfaceFlinger          surfaceflinger                       E  remove layer (Surface(name=515dc87 Splash Screen com.teamsmart.videomanager.tv)/@0x3d2c34e - animation-leash#0)[3143].
2025-10-26 10:39:59.673   269-321   SurfaceFlinger          surfaceflinger                       E  remove layer (Surface(name=515dc87 Splash Screen com.teamsmart.videomanager.tv)/@0x3d2c34e - animation-leash#0)[3153].
2025-10-26 10:39:59.673   269-321   SurfaceFlinger          surfaceflinger                       E  remove layer (Surface(name=515dc87 Splash Screen com.teamsmart.videomanager.tv)/@0x3d2c34e - animation-leash#0)[3159].
2025-10-26 10:39:59.673   269-321   SurfaceFlinger          surfaceflinger                       E  last remove layer (Surface(name=515dc87 Splash Screen com.teamsmart.videomanager.tv)/@0x3d2c34e - animation-leash#0)[3174].
2025-10-26 10:39:59.673   269-321   SurfaceFlinger          surfaceflinger                       E  remove layer (515dc87 Splash Screen com.teamsmart.videomanager.tv#0)[3134](0)(0x0xaabdf000).
2025-10-26 10:39:59.673   269-321   SurfaceFlinger          surfaceflinger                       E  remove layer (515dc87 Splash Screen com.teamsmart.videomanager.tv#0)[3139](2560, 2560).
2025-10-26 10:39:59.673   269-321   SurfaceFlinger          surfaceflinger                       E  remove layer (515dc87 Splash Screen com.teamsmart.videomanager.tv#0)[3143].
2025-10-26 10:39:59.673   269-321   SurfaceFlinger          surfaceflinger                       E  remove layer (515dc87 Splash Screen com.teamsmart.videomanager.tv#0)[3153].
2025-10-26 10:39:59.674   269-321   SurfaceFlinger          surfaceflinger                       E  remove layer (515dc87 Splash Screen com.teamsmart.videomanager.tv#0)[3159].
2025-10-26 10:39:59.674   269-321   SurfaceFlinger          surfaceflinger                       E  last remove layer (515dc87 Splash Screen com.teamsmart.videomanager.tv#0)[3174].
2025-10-26 10:39:59.677   269-321   SurfaceFlinger          surfaceflinger                       E  remove layer (Splash Screen com.teamsmart.videomanager.tv#0)[3712].
2025-10-26 10:39:59.679  7275-7387  chromium                com.teamsmart.videomanager.tv        E  [1026/103959.653077:ERROR:variations_seed_loader.cc(37)] Seed missing signature.
2025-10-26 10:39:59.844  7391-7391  webview_servic          pid-7391                             E  Not starting debugger since process cannot load the jdwp agent.
2025-10-26 10:40:01.569  7275-7434  chromium                com.teamsmart.videomanager.tv        E  [ERROR:gl_surface_egl.cc(155)] eglChooseConfig failed with error EGL_BAD_ATTRIBUTE
2025-10-26 10:40:01.729  7275-7434  chromium                com.teamsmart.videomanager.tv        E  [ERROR:gl_surface_egl.cc(155)] eglChooseConfig failed with error EGL_BAD_ATTRIBUTE
2025-10-26 10:40:04.838  7275-7326  V8Runtime               com.teamsmart.videomanager.tv        E  undefined:21: ReferenceError: gE is not defined
2025-10-26 10:40:11.055  7275-7275  TrackSelectorManager    com.teamsmart.videomanager.tv        E  Can't perform track selection. Mapped track info isn't initialized yet!
2025-10-26 10:40:11.055  7275-7275  TrackSelectorManager    com.teamsmart.videomanager.tv        E  Renderer isn't initialized. Waiting for later selection...
2025-10-26 10:40:11.056  7275-7275  TrackSelectorManager    com.teamsmart.videomanager.tv        E  Can't perform track selection. Mapped track info isn't initialized yet!
2025-10-26 10:40:11.056  7275-7275  TrackSelectorManager    com.teamsmart.videomanager.tv        E  Renderer isn't initialized. Waiting for later selection...
2025-10-26 10:40:11.057  7275-7275  TrackSelectorManager    com.teamsmart.videomanager.tv        E  Can't perform track selection. Mapped track info isn't initialized yet!
2025-10-26 10:40:11.057  7275-7275  TrackSelectorManager    com.teamsmart.videomanager.tv        E  Renderer isn't initialized. Waiting for later selection...
2025-10-26 10:40:11.138   269-269   SurfaceFlinger          surfaceflinger                       E  add layer (SurfaceView - com.teamsmart.videomanager.tv/com.liskovsoft.smartyoutubetv2.tv.ui.playback.PlaybackActivity#0)[3589].
2025-10-26 10:40:11.140   269-269   SurfaceFlinger          surfaceflinger                       E  add layer (Background for -SurfaceView - com.teamsmart.videomanager.tv/com.liskovsoft.smartyoutubetv2.tv.ui.playback.PlaybackActivity#0)[3589].
2025-10-26 10:40:11.199  7275-7382  TrackSelectorManager    com.teamsmart.videomanager.tv        E  Can't create selection. No match for the track com.liskovsoft.smartyoutubetv2.common.exoplayer.selector.track.SubtitleTrack@99caad7
2025-10-26 10:40:11.707  7275-7275  ExoPlayerController     com.teamsmart.videomanager.tv        E  onPositionDiscontinuity
2025-10-26 10:40:12.674  7275-7342  RxHelper                com.teamsmart.videomanager.tv        E  fromNullable result is null
2025-10-26 10:40:12.904   385-2608  CodecResource           media.codec                          E  [CRM] checkCapability: (video/nv12)
2025-10-26 10:40:12.934   385-2608  OMXNodeInstance         media.codec                          E  getExtensionIndex(0xad329e40:realtek.decoder, OMX.google.android.index.storeMetaDataInBuffers) ERROR: Undefined(0x80001001)
2025-10-26 10:40:12.935   385-940   OMXNodeInstance         media.codec                          E  getExtensionIndex(0xad329e40:realtek.decoder, OMX.google.android.index.storeMetaDataInBuffers) ERROR: Undefined(0x80001001)
2025-10-26 10:40:12.941   385-940   OMXNodeInstance         media.codec                          E  getExtensionIndex(0xad329e40:realtek.decoder, OMX.google.android.index.storeMetaDataInBuffers) ERROR: Undefined(0x80001001)
2025-10-26 10:40:12.941  7275-7455  ACodec                  com.teamsmart.videomanager.tv        E  [OMX.realtek.video.decoder] setPortMode on output to DynamicANWBuffer failed w/ err -2147483648
2025-10-26 10:40:12.942   385-940   OMXNodeInstance         media.codec                          E  getExtensionIndex(0xad329e40:realtek.decoder, OMX.google.android.index.storeMetaDataInBuffers) ERROR: Undefined(0x80001001)
2025-10-26 10:40:12.946   385-2608  OMXNodeInstance         media.codec                          E  setConfig(0xad329e40:realtek.decoder, ConfigPriority(0x6f800002)) ERROR: UnsupportedIndex(0x8000101a)
2025-10-26 10:40:12.948   385-940   OMXNodeInstance         media.codec                          E  getConfig(0xad329e40:realtek.decoder, ConfigAndroidVendorExtension(0x6f100004)) ERROR: UnsupportedIndex(0x8000101a)
2025-10-26 10:40:13.072   385-7457  CodecResource           media.codec                          E  [CRM] (0xad313d00)Construct
2025-10-26 10:40:13.073   385-7459  CodecResource           media.codec                          E  [CRM] (0xad313d00) wait events
2025-10-26 10:40:13.073   385-7457  CodecResource           media.codec                          E  acquireResource codec(avc) max_width(1920) max_height(1080) fps(24000) encoder(0) adaptive(1) try_acquire(0)
2025-10-26 10:40:13.074   385-7457  OMX_VDEC                media.codec                          E  resource max w 1920 h 1088
2025-10-26 10:40:13.258   385-424   OMXNodeInstance         media.codec                          E  getExtensionIndex(0xad329a20:google.aac.decoder, OMX.google.android.index.storeMetaDataInBuffers) ERROR: UnsupportedIndex(0x8000101a)
2025-10-26 10:40:13.264   385-424   OMXNodeInstance         media.codec                          E  setConfig(0xad329a20:google.aac.decoder, ConfigPriority(0x6f800002)) ERROR: Undefined(0x80001001)
2025-10-26 10:40:13.265   385-940   OMXNodeInstance         media.codec                          E  getConfig(0xad329a20:google.aac.decoder, ConfigAndroidVendorExtension(0x6f100004)) ERROR: Undefined(0x80001001)
2025-10-26 10:40:13.371   247-363   CodecResource           and...graphics.composer@2.1-service  E  [CRM] (0xa8ec6000)Construct
2025-10-26 10:40:13.373   247-363   CodecResource           and...graphics.composer@2.1-service  E  registerResource coreType(0) vport(1) aport(0) mixport(0) max_width(0) max_height(0) encoder(0)
2025-10-26 10:40:13.377   247-7465  CodecResource           and...graphics.composer@2.1-service  E  [CRM] (0xa8ec6000) wait events
2025-10-26 10:40:13.970   852-1312  bt_btif                 com.android.bluetooth                E  register_notification_rsp: Avrcp device is not connected, handle: 0x0
2025-10-26 10:40:13.970   852-1312  bt_btif                 com.android.bluetooth                E  register_notification_rsp: Avrcp device is not connected, handle: 0x0
2025-10-26 10:40:14.077   852-1312  bt_btif                 com.android.bluetooth                E  register_notification_rsp: Avrcp device is not connected, handle: 0x0
2025-10-26 10:40:14.077   852-1312  bt_btif                 com.android.bluetooth                E  register_notification_rsp: Avrcp device is not connected, handle: 0x0
2025-10-26 10:40:14.142  7275-7342  RxHelper                com.teamsmart.videomanager.tv        E  fromNullable result is null
2025-10-26 10:40:14.190  7275-7342  RxHelper                com.teamsmart.videomanager.tv        E  fromNullable result is null
2025-10-26 10:40:14.229  7275-7342  RxHelper                com.teamsmart.videomanager.tv        E  fromNullable result is null
2025-10-26 10:40:14.270  7275-7342  RxHelper                com.teamsmart.videomanager.tv        E  fromNullable result is null
2025-10-26 10:40:14.307  7275-7342  RxHelper                com.teamsmart.videomanager.tv        E  fromNullable result is null
2025-10-26 10:40:14.341  7275-7342  RxHelper                com.teamsmart.videomanager.tv        E  fromNullable result is null
2025-10-26 10:40:14.378  7275-7342  RxHelper                com.teamsmart.videomanager.tv        E  fromNullable result is null
2025-10-26 10:40:14.426  7275-7342  RxHelper                com.teamsmart.videomanager.tv        E  fromNullable result is null
2025-10-26 10:40:14.460  7275-7342  RxHelper                com.teamsmart.videomanager.tv        E  fromNullable result is null
2025-10-26 10:40:14.495  7275-7275  TrackSelectorManager    com.teamsmart.videomanager.tv        E  Something went wrong. Selected track not found
2025-10-26 10:40:14.607  7275-7382  TrackSelectorManager    com.teamsmart.videomanager.tv        E  Can't create selection. No match for the track com.liskovsoft.smartyoutubetv2.common.exoplayer.selector.track.SubtitleTrack@99caad7
2025-10-26 10:40:15.444  7275-7455  ACodec                  com.teamsmart.videomanager.tv        E  dropped buffer - (apk discard)
2025-10-26 10:40:16.771  7275-7275  SuggestionsController   com.teamsmart.videomanager.tv        E  continueGroup error: fromNullable result is null
2025-10-26 10:40:16.776  7275-7275  SuggestionsController   com.teamsmart.videomanager.tv        E  continueGroup error: fromNullable result is null
2025-10-26 10:40:16.778  7275-7275  SuggestionsController   com.teamsmart.videomanager.tv        E  continueGroup error: fromNullable result is null
2025-10-26 10:40:16.791  7275-7275  SuggestionsController   com.teamsmart.videomanager.tv        E  continueGroup error: fromNullable result is null
2025-10-26 10:40:17.438   852-1304  bt_stack                com.android.bluetooth                E  [ERROR:gatt_cl.cc(1074)] gatt_client_handle_server_rspgatt_client_handle_server_rsp libs_liu opcode =  
2025-10-26 10:40:17.579   852-1304  bt_stack                com.android.bluetooth                E  [ERROR:gatt_cl.cc(1074)] gatt_client_handle_server_rspgatt_client_handle_server_rsp libs_liu opcode =  
2025-10-26 10:40:17.901  7275-7487  TMDBImageService        com.teamsmart.videomanager.tv        E  Error searching TMDB for: Siyapathi | Nandagovindam Live at Bhajan Connect Bengaluru | The Song That Shook the Hall!
                                                                                                    javax.net.ssl.SSLHandshakeException: SSL handshake aborted: ssl=0x9289ce88: I/O error during system call, Connection reset by peer
                                                                                                    	at com.android.org.conscrypt.NativeCrypto.SSL_do_handshake(Native Method)
                                                                                                    	at com.android.org.conscrypt.NativeSsl.doHandshake(NativeSsl.java:375)
                                                                                                    	at com.android.org.conscrypt.ConscryptFileDescriptorSocket.startHandshake(ConscryptFileDescriptorSocket.java:224)
                                                                                                    	at okhttp3.internal.connection.RealConnection.connectTls(RealConnection.java:320)
                                                                                                    	at okhttp3.internal.connection.RealConnection.establishProtocol(RealConnection.java:284)
                                                                                                    	at okhttp3.internal.connection.RealConnection.connect(RealConnection.java:169)
                                                                                                    	at okhttp3.internal.connection.StreamAllocation.findConnection(StreamAllocation.java:258)
                                                                                                    	at okhttp3.internal.connection.StreamAllocation.findHealthyConnection(StreamAllocation.java:135)
                                                                                                    	at okhttp3.internal.connection.StreamAllocation.newStream(StreamAllocation.java:114)
                                                                                                    	at okhttp3.internal.connection.ConnectInterceptor.intercept(ConnectInterceptor.java:42)
                                                                                                    	at okhttp3.internal.http.RealInterceptorChain.proceed(RealInterceptorChain.java:147)
                                                                                                    	at okhttp3.internal.http.RealInterceptorChain.proceed(RealInterceptorChain.java:121)
                                                                                                    	at okhttp3.internal.cache.CacheInterceptor.intercept(CacheInterceptor.java:93)
                                                                                                    	at okhttp3.internal.http.RealInterceptorChain.proceed(RealInterceptorChain.java:147)
                                                                                                    	at okhttp3.internal.http.RealInterceptorChain.proceed(RealInterceptorChain.java:121)
                                                                                                    	at okhttp3.internal.http.BridgeInterceptor.intercept(BridgeInterceptor.java:93)
                                                                                                    	at okhttp3.internal.http.RealInterceptorChain.proceed(RealInterceptorChain.java:147)
                                                                                                    	at okhttp3.internal.http.RetryAndFollowUpInterceptor.intercept(RetryAndFollowUpInterceptor.java:127)
                                                                                                    	at okhttp3.internal.http.RealInterceptorChain.proceed(RealInterceptorChain.java:147)
                                                                                                    	at okhttp3.internal.http.RealInterceptorChain.proceed(RealInterceptorChain.java:121)
                                                                                                    	at okhttp3.RealCall.getResponseWithInterceptorChain(RealCall.java:257)
                                                                                                    	at okhttp3.RealCall.execute(RealCall.java:93)
                                                                                                    	at com.liskovsoft.smartyoutubetv2.tv.services.TMDBImageService.lambda$getMoviePosterByTitle$2$com-liskovsoft-smartyoutubetv2-tv-services-TMDBImageService(TMDBImageService.java:126)
                                                                                                    	at com.liskovsoft.smartyoutubetv2.tv.services.TMDBImageService$$ExternalSyntheticLambda3.run(Unknown Source:6)
                                                                                                    	at java.util.concurrent.ThreadPoolExecutor.runWorker(ThreadPoolExecutor.java:1167)
                                                                                                    	at java.util.concurrent.ThreadPoolExecutor$Worker.run(ThreadPoolExecutor.java:641)
                                                                                                    	at java.lang.Thread.run(Thread.java:764)
2025-10-26 10:40:18.635   269-269   SurfaceFlinger          surfaceflinger                       E  add layer (31da31f TooltipPopup#0)[3589].
2025-10-26 10:40:18.696   269-269   SurfaceFlinger          surfaceflinger                       E  add layer (TooltipPopup#0)[3589].
2025-10-26 10:40:18.711  7275-7318  libc                    com.teamsmart.videomanager.tv        E  Access denied finding property "rtk.ddk.disableSpeedup_1"
--------- beginning of crash
2025-10-26 10:40:18.829   269-269   libc                    surfaceflinger                       A  Fatal signal 6 (SIGABRT), code -6 (SI_TKILL) in tid 269 (surfaceflinger), pid 269 (surfaceflinger)
2025-10-26 10:40:19.036  7496-7496  DEBUG                   pid-7496                             A  *** *** *** *** *** *** *** *** *** *** *** *** *** *** *** ***
2025-10-26 10:40:19.037  7496-7496  DEBUG                   pid-7496                             A  Build fingerprint: 'TCL/UnionTV/UnionTV:9/PPR2.180905.006.A1/builder.20210125.083312:user/release-keys'
2025-10-26 10:40:19.037  7496-7496  DEBUG                   pid-7496                             A  Revision: '0'
2025-10-26 10:40:19.037  7496-7496  DEBUG                   pid-7496                             A  ABI: 'arm'
2025-10-26 10:40:19.037  7496-7496  DEBUG                   pid-7496                             A  pid: 269, tid: 269, name: surfaceflinger  >>> /system/bin/surfaceflinger <<<
2025-10-26 10:40:19.037  7496-7496  DEBUG                   pid-7496                             A  signal 6 (SIGABRT), code -6 (SI_TKILL), fault addr --------
2025-10-26 10:40:19.037  7496-7496  DEBUG                   pid-7496                             A  Abort message: 'ubsan: add-overflow'
2025-10-26 10:40:19.037  7496-7496  DEBUG                   pid-7496                             A      r0  00000000  r1  0000010d  r2  00000006  r3  ad3db620
2025-10-26 10:40:19.037  7496-7496  DEBUG                   pid-7496                             A      r4  0000010d  r5  0000010d  r6  beb9355c  r7  0000010c
2025-10-26 10:40:19.037  7496-7496  DEBUG                   pid-7496                             A      r8  aabe1060  r9  00000000  r10 aabe1000  r11 beb937a8
2025-10-26 10:40:19.037  7496-7496  DEBUG                   pid-7496                             A      ip  00000001  sp  beb93548  lr  ad36701d  pc  ad35eda2
2025-10-26 10:40:19.099  7496-7496  DEBUG                   pid-7496                             A  
                                                                                                    backtrace:
2025-10-26 10:40:19.100  7496-7496  DEBUG                   pid-7496                             A      #00 pc 0001cda2  /system/lib/libc.so (abort+62)
2025-10-26 10:40:19.100  7496-7496  DEBUG                   pid-7496                             A      #01 pc 00016fec  /system/lib/libui.so (abort_with_message(char const*)+24)
2025-10-26 10:40:19.100  7496-7496  DEBUG                   pid-7496                             A      #02 pc 00017048  /system/lib/libui.so (__ubsan_handle_add_overflow_minimal_abort+24)
2025-10-26 10:40:19.100  7496-7496  DEBUG                   pid-7496                             A      #03 pc 00014799  /system/lib/libui.so (android::Rect::offsetBy(int, int)+48)
2025-10-26 10:40:19.100  7496-7496  DEBUG                   pid-7496                             A      #04 pc 00015a0b  /system/lib/libui.so (android::Region::translate(android::Region&, android::Region const&, int, int)+74)
2025-10-26 10:40:19.100  7496-7496  DEBUG                   pid-7496                             A      #05 pc 0001599b  /system/lib/libui.so (android::Region::translate(int, int) const+66)
2025-10-26 10:40:19.100  7496-7496  DEBUG                   pid-7496                             A      #06 pc 0009186d  /system/lib/libsurfaceflinger.so (android::Transform::transform(android::Region const&) const+112)
2025-10-26 10:40:19.100  7496-7496  DEBUG                   pid-7496                             A      #07 pc 0003f6e1  /system/lib/libsurfaceflinger.so (android::BufferLayer::latchBuffer(bool&, long long)+2848)
2025-10-26 10:40:19.100  7496-7496  DEBUG                   pid-7496                             A      #08 pc 00072a87  /system/lib/libsurfaceflinger.so (android::SurfaceFlinger::onMessageReceived(int)+2962)
2025-10-26 10:40:19.100  7496-7496  DEBUG                   pid-7496                             A      #09 pc 0000f1c9  /system/lib/libutils.so (android::Looper::pollInner(int)+284)
2025-10-26 10:40:19.100  7496-7496  DEBUG                   pid-7496                             A      #10 pc 0000f02b  /system/lib/libutils.so (android::Looper::pollOnce(int, int*, int*, void**)+26)
2025-10-26 10:40:19.100  7496-7496  DEBUG                   pid-7496                             A      #11 pc 00066d8b  /system/lib/libsurfaceflinger.so (android::impl::MessageQueue::waitMessage()+62)
2025-10-26 10:40:19.100  7496-7496  DEBUG                   pid-7496                             A      #12 pc 000717f1  /system/lib/libsurfaceflinger.so (android::SurfaceFlinger::run()+8)
2025-10-26 10:40:19.100  7496-7496  DEBUG                   pid-7496                             A      #13 pc 00002815  /system/bin/surfaceflinger (main+644)
2025-10-26 10:40:19.101  7496-7496  DEBUG                   pid-7496                             A      #14 pc 0008bc15  /system/lib/libc.so (__libc_init+48)
2025-10-26 10:40:19.101  7496-7496  DEBUG                   pid-7496                             A      #15 pc 0000254f  /system/bin/surfaceflinger (_start_main+46)
2025-10-26 10:40:19.101  7496-7496  DEBUG                   pid-7496                             A      #16 pc 00000306  <anonymous:ae3db000>
2025-10-26 10:40:19.572   247-247   RTKHWC2                 and...graphics.composer@2.1-service  E  surfaceflinger has been reset
2025-10-26 10:40:19.573   247-247   [Gralloc-ERROR]         and...graphics.composer@2.1-service  E  gralloc_unregister_buffer:286 Can't unregister buffer 0xa8e921e0 as it is a framebuffer
2025-10-26 10:40:19.573   247-247   [Gralloc-ERROR]         and...graphics.composer@2.1-service  E  gralloc_unregister_buffer:286 Can't unregister buffer 0xa8e92180 as it is a framebuffer
2025-10-26 10:40:19.573   247-247   [Gralloc-ERROR]         and...graphics.composer@2.1-service  E  gralloc_unregister_buffer:286 Can't unregister buffer 0xa8e920c0 as it is a framebuffer
2025-10-26 10:40:19.577   395-395   /system/bin/tombstoned  tombstoned                           E  Tombstone written to: /data/tombstones/tombstone_01
2025-10-26 10:40:19.655   247-363   CodecResource           and...graphics.composer@2.1-service  E  [CRM] Free monitor 0xa8ec6000, isReclaim=0
2025-10-26 10:40:19.655   247-363   CodecResource           and...graphics.composer@2.1-service  E  [CRM] (0xa8ec6000)Destruct
2025-10-26 10:40:19.655   247-7465  CodecResource           and...graphics.composer@2.1-service  E  [CRM] receive cancel event
2025-10-26 10:40:19.655   247-7465  CodecResource           and...graphics.composer@2.1-service  E  [CRM] (0xa8ec6000)break while, defer=0
2025-10-26 10:40:20.000   260-473   libc                    vendor.realtek.tv@1.0-service        E  Access denied finding property "rtk.tvservice.dump.level"
2025-10-26 10:40:20.000   260-473   libc                    vendor.realtek.tv@1.0-service        E  Access denied finding property "rtk.tvservice.dump.level"
2025-10-26 10:40:20.000   260-473   libc                    vendor.realtek.tv@1.0-service        E  Access denied finding property "rtk.tvservice.dump.level"
2025-10-26 10:40:20.299   371-371   motiondaemon            motionclient                         E  1111 Lemon_Test 00-04 motionCotroller Inotify readInotifyEvents  :200
2025-10-26 10:40:20.300   371-371   motiondaemon            motionclient                         E  1111 Lemon_Test  00-06 motionCotroller Remove Inotify readInotifyEvents  :200
2025-10-26 10:40:20.318   234-234   android.ha...h@1.0-impl and...ardware.bluetooth@1.0-service  E  BluetoothDeathRecipient::serviceDied - Bluetooth service died
2025-10-26 10:40:20.381   234-1249  bt_userial_vendor       and...ardware.bluetooth@1.0-service  E  receive exit signal and stop thread 
---------------------------- PROCESS ENDED (7275) for package com.teamsmart.videomanager.tv ----------------------------
2025-10-26 10:40:20.610  7519-7519  audiohalservice         pid-7519                             E  Could not get passthrough implementation for android.hardware.audio@4.0::IDevicesFactory/default.
2025-10-26 10:40:20.656  7519-7519  audiohalservice         android.hardware.audio@2.0-service   E  Could not get passthrough implementation for android.hardware.audio.effect@4.0::IEffectsFactory/default.
2025-10-26 10:40:20.731  7519-7519  audiohalservice         android.hardware.audio@2.0-service   E  Could not get passthrough implementation for android.hardware.soundtrigger@2.1::ISoundTriggerHw/default.
2025-10-26 10:40:20.810  7519-7522  sound_trig...hw_default android.hardware.audio@2.0-service   E  Opening socket
2025-10-26 10:40:20.812  7519-7522  sound_trig...hw_default android.hardware.audio@2.0-service   E  Error on socket creation: Permission denied
2025-10-26 10:40:20.813  7519-7522  sound_trig...hw_default android.hardware.audio@2.0-service   E  setsockopt(SO_REUSEADDR) failed
2025-10-26 10:40:20.813  7519-7522  sound_trig...hw_default android.hardware.audio@2.0-service   E  Error on bind
2025-10-26 10:40:20.813  7519-7522  sound_trig...hw_default android.hardware.audio@2.0-service   E  Error on Listen
2025-10-26 10:40:20.813  7519-7522  sound_trig...hw_default android.hardware.audio@2.0-service   E  Closing socket
2025-10-26 10:40:20.824  7519-7519  audiohalservice         android.hardware.audio@2.0-service   E  Could not get passthrough implementation for android.hardware.bluetooth.a2dp@1.0::IBluetoothAudioOffload/default.




these are the new logs
ger                       E  getLayerReleaseFence failed for display -1: Invalid display
2025-10-26 10:55:56.586  7517-7517  HWComposer              surfaceflinger                       E  getLayerReleaseFence failed for display -1: Invalid display
2025-10-26 10:55:56.591  7517-7517  SurfaceFlinger          surfaceflinger                       E  add layer (Stack=5#0)[3589].
2025-10-26 10:55:56.593  7517-7517  SurfaceFlinger          surfaceflinger                       E  add layer (animation background stackId=5#0)[3589].
2025-10-26 10:55:56.606  7517-7517  HWComposer              surfaceflinger                       E  getLayerReleaseFence failed for display -1: Invalid display
2025-10-26 10:55:56.625  7517-7517  HWComposer              surfaceflinger                       E  getLayerReleaseFence failed for display -1: Invalid display
2025-10-26 10:55:56.628  7517-7517  SurfaceFlinger          surfaceflinger                       E  add layer (Task=27406#0)[3589].
2025-10-26 10:55:56.647  7517-7517  HWComposer              surfaceflinger                       E  getLayerReleaseFence failed for display -1: Invalid display
2025-10-26 10:55:56.664  7517-7517  HWComposer              surfaceflinger                       E  getLayerReleaseFence failed for display -1: Invalid display
2025-10-26 10:55:56.666  7517-7517  SurfaceFlinger          surfaceflinger                       E  add layer (AppWindowToken{658ad0b token=Token{b4004da ActivityRecord{eb7ae85 u0 com.teamsmart.videomanager.tv/com.liskovsoft.smartyoutubetv2.tv.ui.moviedetails.MovieDetailsActivity t27406}}}#0)[3589].
2025-10-26 10:55:56.682  7517-7517  HWComposer              surfaceflinger                       E  getLayerReleaseFence failed for display -1: Invalid display
2025-10-26 10:55:56.694  7621-7722  IpelService             system_server                        E  ipelSetAction mIpelClient is null!
2025-10-26 10:55:56.800  7517-7517  SurfaceFlinger          surfaceflinger                       E  add layer (d7f82c Splash Screen com.teamsmart.videomanager.tv#0)[3589].
2025-10-26 10:55:56.826  7517-7517  HWComposer              surfaceflinger                       E  getLayerReleaseFence failed for display -1: Invalid display
2025-10-26 10:55:56.846  7517-7517  HWComposer              surfaceflinger                       E  getLayerReleaseFence failed for display -1: Invalid display
2025-10-26 10:55:56.854  7517-7517  SurfaceFlinger          surfaceflinger                       E  add layer (Splash Screen com.teamsmart.videomanager.tv#0)[3589].
2025-10-26 10:55:56.863  7517-7517  HWComposer              surfaceflinger                       E  getLayerReleaseFence failed for display -1: Invalid display
2025-10-26 10:55:56.970  7517-7517  HWComposer              surfaceflinger                       E  getLayerReleaseFence failed for display -1: Invalid display
2025-10-26 10:55:56.973  7517-7517  SurfaceFlinger          surfaceflinger                       E  add layer (Surface(name=AppWindowToken{dad0f8b token=Token{476615a ActivityRecord{93ad05 u0 com.teamsmart.videomanager.tv/com.liskovsoft.smartyoutubetv2.tv.ui.browse.BrowseActivity t27405}}})/@0xfe4f17b - animation-leash#0)[3589].
2025-10-26 10:55:56.985  7517-7517  HWComposer              surfaceflinger                       E  getLayerReleaseFence failed for display -1: Invalid display
2025-10-26 10:55:56.988  7517-7517  SurfaceFlinger          surfaceflinger                       E  add layer (Surface(name=AppWindowToken{658ad0b token=Token{b4004da ActivityRecord{eb7ae85 u0 com.teamsmart.videomanager.tv/com.liskovsoft.smartyoutubetv2.tv.ui.moviedetails.MovieDetailsActivity t27406}}})/@0xd777fd7 - animation-leash#0)[3589].
2025-10-26 10:55:56.999  7517-7517  HWComposer              surfaceflinger                       E  getLayerReleaseFence failed for display -1: Invalid display
2025-10-26 10:55:57.007  7517-7517  HWComposer              surfaceflinger                       E  getLayerReleaseFence failed for display -1: Invalid display
2025-10-26 10:55:57.034  7517-7517  HWComposer              surfaceflinger                       E  getLayerReleaseFence failed for display -1: Invalid display
2025-10-26 10:55:57.114  7517-7517  HWComposer              surfaceflinger                       E  getLayerReleaseFence failed for display -1: Invalid display
2025-10-26 10:55:57.140  7517-7517  HWComposer              surfaceflinger                       E  getLayerReleaseFence failed for display -1: Invalid display
2025-10-26 10:55:57.511  7517-7517  HWComposer              surfaceflinger                       E  getLayerReleaseFence failed for display -1: Invalid display
2025-10-26 10:55:57.556  7517-7517  HWComposer              surfaceflinger                       E  getLayerReleaseFence failed for display -1: Invalid display
2025-10-26 10:55:57.596  7517-7517  HWComposer              surfaceflinger                       E  getLayerReleaseFence failed for display -1: Invalid display
2025-10-26 10:55:57.608  7517-7524  SurfaceFlinger          surfaceflinger                       E  remove layer (Surface(name=AppWindowToken{658ad0b token=Token{b4004da ActivityRecord{eb7ae85 u0 com.teamsmart.videomanager.tv/com.liskovsoft.smartyoutubetv2.tv.ui.moviedetails.MovieDetailsActivity t27406}}})/@0xd777fd7 - animation-leash#0)[3134](0)(0x0xadd43000).
2025-10-26 10:55:57.608  7517-7524  SurfaceFlinger          surfaceflinger                       E  remove layer (Surface(name=AppWindowToken{658ad0b token=Token{b4004da ActivityRecord{eb7ae85 u0 com.teamsmart.videomanager.tv/com.liskovsoft.smartyoutubetv2.tv.ui.moviedetails.MovieDetailsActivity t27406}}})/@0xd777fd7 - animation-leash#0)[3139](2560, 2560).
2025-10-26 10:55:57.608  7517-7524  SurfaceFlinger          surfaceflinger                       E  remove layer (Surface(name=AppWindowToken{658ad0b token=Token{b4004da ActivityRecord{eb7ae85 u0 com.teamsmart.videomanager.tv/com.liskovsoft.smartyoutubetv2.tv.ui.moviedetails.MovieDetailsActivity t27406}}})/@0xd777fd7 - animation-leash#0)[3143].
2025-10-26 10:55:57.608  7517-7524  SurfaceFlinger          surfaceflinger                       E  remove layer (Surface(name=AppWindowToken{658ad0b token=Token{b4004da ActivityRecord{eb7ae85 u0 com.teamsmart.videomanager.tv/com.liskovsoft.smartyoutubetv2.tv.ui.moviedetails.MovieDetailsActivity t27406}}})/@0xd777fd7 - animation-leash#0)[3153].
2025-10-26 10:55:57.608  7517-7524  SurfaceFlinger          surfaceflinger                       E  remove layer (Surface(name=AppWindowToken{658ad0b token=Token{b4004da ActivityRecord{eb7ae85 u0 com.teamsmart.videomanager.tv/com.liskovsoft.smartyoutubetv2.tv.ui.moviedetails.MovieDetailsActivity t27406}}})/@0xd777fd7 - animation-leash#0)[3159].
2025-10-26 10:55:57.608  7517-7524  SurfaceFlinger          surfaceflinger                       E  last remove layer (Surface(name=AppWindowToken{658ad0b token=Token{b4004da ActivityRecord{eb7ae85 u0 com.teamsmart.videomanager.tv/com.liskovsoft.smartyoutubetv2.tv.ui.moviedetails.MovieDetailsActivity t27406}}})/@0xd777fd7 - animation-leash#0)[3174].
2025-10-26 10:55:57.608  7517-7524  SurfaceFlinger          surfaceflinger                       E  remove layer (Surface(name=AppWindowToken{dad0f8b token=Token{476615a ActivityRecord{93ad05 u0 com.teamsmart.videomanager.tv/com.liskovsoft.smartyoutubetv2.tv.ui.browse.BrowseActivity t27405}}})/@0xfe4f17b - animation-leash#0)[3134](0)(0x0xabac7000).
2025-10-26 10:55:57.609  7517-7524  SurfaceFlinger          surfaceflinger                       E  remove layer (Surface(name=AppWindowToken{dad0f8b token=Token{476615a ActivityRecord{93ad05 u0 com.teamsmart.videomanager.tv/com.liskovsoft.smartyoutubetv2.tv.ui.browse.BrowseActivity t27405}}})/@0xfe4f17b - animation-leash#0)[3139](2560, 2560).
2025-10-26 10:55:57.609  7517-7524  SurfaceFlinger          surfaceflinger                       E  remove layer (Surface(name=AppWindowToken{dad0f8b token=Token{476615a ActivityRecord{93ad05 u0 com.teamsmart.videomanager.tv/com.liskovsoft.smartyoutubetv2.tv.ui.browse.BrowseActivity t27405}}})/@0xfe4f17b - animation-leash#0)[3143].
2025-10-26 10:55:57.609  7517-7524  SurfaceFlinger          surfaceflinger                       E  remove layer (Surface(name=AppWindowToken{dad0f8b token=Token{476615a ActivityRecord{93ad05 u0 com.teamsmart.videomanager.tv/com.liskovsoft.smartyoutubetv2.tv.ui.browse.BrowseActivity t27405}}})/@0xfe4f17b - animation-leash#0)[3153].
2025-10-26 10:55:57.609  7517-7524  SurfaceFlinger          surfaceflinger                       E  remove layer (Surface(name=AppWindowToken{dad0f8b token=Token{476615a ActivityRecord{93ad05 u0 com.teamsmart.videomanager.tv/com.liskovsoft.smartyoutubetv2.tv.ui.browse.BrowseActivity t27405}}})/@0xfe4f17b - animation-leash#0)[3159].
2025-10-26 10:55:57.609  7517-7524  SurfaceFlinger          surfaceflinger                       E  last remove layer (Surface(name=AppWindowToken{dad0f8b token=Token{476615a ActivityRecord{93ad05 u0 com.teamsmart.videomanager.tv/com.liskovsoft.smartyoutubetv2.tv.ui.browse.BrowseActivity t27405}}})/@0xfe4f17b - animation-leash#0)[3174].
2025-10-26 10:55:57.620  7517-7517  HWComposer              surfaceflinger                       E  getLayerReleaseFence failed for display -1: Invalid display
2025-10-26 10:55:57.645  7517-7517  HWComposer              surfaceflinger                       E  getLayerReleaseFence failed for display -1: Invalid display
2025-10-26 10:55:57.734  7517-7517  SurfaceFlinger          surfaceflinger                       E  add layer (cfaf83a com.teamsmart.videomanager.tv/com.liskovsoft.smartyoutubetv2.tv.ui.moviedetails.MovieDetailsActivity#0)[3589].
2025-10-26 10:55:57.766  7517-7517  HWComposer              surfaceflinger                       E  getLayerReleaseFence failed for display -1: Invalid display
2025-10-26 10:55:57.788  7517-7517  HWComposer              surfaceflinger                       E  getLayerReleaseFence failed for display -1: Invalid display
2025-10-26 10:55:57.872  7517-7517  HWComposer              surfaceflinger                       E  getLayerReleaseFence failed for display -1: Invalid display
2025-10-26 10:55:58.001  7517-7517  SurfaceFlinger          surfaceflinger                       E  add layer (com.teamsmart.videomanager.tv/com.liskovsoft.smartyoutubetv2.tv.ui.moviedetails.MovieDetailsActivity#0)[3589].
2025-10-26 10:55:58.027  7517-7517  HWComposer              surfaceflinger                       E  getLayerReleaseFence failed for display -1: Invalid display
2025-10-26 10:55:58.045  7517-7517  HWComposer              surfaceflinger                       E  getLayerReleaseFence failed for display -1: Invalid display
2025-10-26 10:55:58.065 12031-12159 libc                    com.teamsmart.videomanager.tv        E  Access denied finding property "rtk.ddk.disableSpeedup_1"
2025-10-26 10:55:58.351  7517-7517  HWComposer              surfaceflinger                       E  getLayerReleaseFence failed for display -1: Invalid display
2025-10-26 10:55:58.371  7517-7517  HWComposer              surfaceflinger                       E  getLayerReleaseFence failed for display -1: Invalid display
2025-10-26 10:55:58.570  7517-7517  HWComposer              surfaceflinger                       E  getLayerReleaseFence failed for display -1: Invalid display
2025-10-26 10:55:58.678  7517-7517  HWComposer              surfaceflinger                       E  getLayerReleaseFence failed for display -1: Invalid display
2025-10-26 10:55:58.703  7517-7517  HWComposer              surfaceflinger                       E  getLayerReleaseFence failed for display -1: Invalid display
2025-10-26 10:55:58.777  7517-7517  HWComposer              surfaceflinger                       E  getLayerReleaseFence failed for display -1: Invalid display
2025-10-26 10:55:58.795  7517-7517  SurfaceFlinger          surfaceflinger                       E  add layer (Surface(name=d7f82c Splash Screen com.teamsmart.videomanager.tv)/@0x5c20cc7 - animation-leash#0)[3589].
2025-10-26 10:55:58.817  7517-7517  HWComposer              surfaceflinger                       E  getLayerReleaseFence failed for display -1: Invalid display
2025-10-26 10:55:58.969  7517-7517  HWComposer              surfaceflinger                       E  getLayerReleaseFence failed for display -1: Invalid display
2025-10-26 10:55:58.979  7517-7524  SurfaceFlinger          surfaceflinger                       E  remove layer (com.teamsmart.videomanager.tv/com.liskovsoft.smartyoutubetv2.tv.ui.browse.BrowseActivity#0)[3690].
2025-10-26 10:55:58.979  7517-7524  SurfaceFlinger          surfaceflinger                       E  remove layer (com.teamsmart.videomanager.tv/com.liskovsoft.smartyoutubetv2.tv.ui.browse.BrowseActivity#0)[3134](0)(0x0xabaa9000).
2025-10-26 10:55:58.979  7517-7524  SurfaceFlinger          surfaceflinger                       E  remove layer (com.teamsmart.videomanager.tv/com.liskovsoft.smartyoutubetv2.tv.ui.browse.BrowseActivity#0)[3139](1280, 720).
2025-10-26 10:55:58.979  7517-7524  SurfaceFlinger          surfaceflinger                       E  remove layer (com.teamsmart.videomanager.tv/com.liskovsoft.smartyoutubetv2.tv.ui.browse.BrowseActivity#0)[3143].
2025-10-26 10:55:58.979  7517-7524  SurfaceFlinger          surfaceflinger                       E  remove layer (com.teamsmart.videomanager.tv/com.liskovsoft.smartyoutubetv2.tv.ui.browse.BrowseActivity#0)[3153].
2025-10-26 10:55:58.979  7517-7524  SurfaceFlinger          surfaceflinger                       E  remove layer (com.teamsmart.videomanager.tv/com.liskovsoft.smartyoutubetv2.tv.ui.browse.BrowseActivity#0)[3159].
2025-10-26 10:55:58.979  7517-7524  SurfaceFlinger          surfaceflinger                       E  last remove layer (com.teamsmart.videomanager.tv/com.liskovsoft.smartyoutubetv2.tv.ui.browse.BrowseActivity#0)[3174].
2025-10-26 10:55:58.980  7517-7524  SurfaceFlinger          surfaceflinger                       E  remove layer (com.teamsmart.videomanager.tv/com.liskovsoft.smartyoutubetv2.tv.ui.browse.BrowseActivity#0)[3712].
2025-10-26 10:55:58.993  7517-7517  HWComposer              surfaceflinger                       E  getLayerReleaseFence failed for display -1: Invalid display
2025-10-26 10:55:59.043  7517-7517  HWComposer              surfaceflinger                       E  getLayerReleaseFence failed for display -1: Invalid display
2025-10-26 10:55:59.049  7517-7993  SurfaceFlinger          surfaceflinger                       E  remove layer (Splash Screen com.teamsmart.videomanager.tv#0)[3690].
2025-10-26 10:55:59.049  7517-7993  SurfaceFlinger          surfaceflinger                       E  remove layer (Splash Screen com.teamsmart.videomanager.tv#0)[3134](0)(0x0xabac1000).
2025-10-26 10:55:59.049  7517-7993  SurfaceFlinger          surfaceflinger                       E  remove layer (Splash Screen com.teamsmart.videomanager.tv#0)[3139](1280, 720).
2025-10-26 10:55:59.049  7517-7993  SurfaceFlinger          surfaceflinger                       E  remove layer (Splash Screen com.teamsmart.videomanager.tv#0)[3143].
2025-10-26 10:55:59.049  7517-7993  SurfaceFlinger          surfaceflinger                       E  remove layer (Splash Screen com.teamsmart.videomanager.tv#0)[3153].
2025-10-26 10:55:59.049  7517-7993  SurfaceFlinger          surfaceflinger                       E  remove layer (Splash Screen com.teamsmart.videomanager.tv#0)[3159].
