2025-10-26 10:56:26.366   247-363   CodecResource           and...graphics.composer@2.1-service  E  [CRM] (0xa8ec6080)Construct
2025-10-26 10:56:26.367   247-363   CodecResource           and...graphics.composer@2.1-service  E  registerResource coreType(0) vport(1) aport(0) mixport(0) max_width(0) max_height(0) encoder(0)
2025-10-26 10:56:26.371   247-12327 CodecResource           and...graphics.composer@2.1-service  E  [CRM] (0xa8ec6080) wait events
2025-10-26 10:56:26.438  7747-8033  bt_btif                 com.android.bluetooth                E  register_notification_rsp: Avrcp device is not connected, handle: 0x0
2025-10-26 10:56:26.439  7747-8033  bt_btif                 com.android.bluetooth                E  register_notification_rsp: Avrcp device is not connected, handle: 0x0
2025-10-26 10:56:26.634  7517-7517  HWComposer              surfaceflinger                       E  getLayerReleaseFence failed for display -1: Invalid display
2025-10-26 10:56:26.634  7517-7517  HWComposer              surfaceflinger                       E  getLayerReleaseFence failed for display -1: Invalid display
2025-10-26 10:56:26.727  7517-7517  HWComposer              surfaceflinger                       E  getLayerReleaseFence failed for display -1: Invalid display
2025-10-26 10:56:26.727  7517-7517  HWComposer              surfaceflinger                       E  getLayerReleaseFence failed for display -1: Invalid display
2025-10-26 10:56:26.865 12031-12313 ACodec                  com.teamsmart.videomanager.tv        E  dropped buffer - (apk discard)
2025-10-26 10:56:26.867 12031-12313 ACodec                  com.teamsmart.videomanager.tv        E  dropped buffer - (apk discard)
2025-10-26 10:56:26.900  7517-7517  HWComposer              surfaceflinger                       E  getLayerReleaseFence failed for display -1: Invalid display
2025-10-26 10:56:26.940  7517-7517  HWComposer              surfaceflinger                       E  getLayerReleaseFence failed for display -1: Invalid display
2025-10-26 10:56:26.949  7747-8033  bt_btif                 com.android.bluetooth                E  register_notification_rsp: Avrcp device is not connected, handle: 0x0
2025-10-26 10:56:26.949  7747-8033  bt_btif                 com.android.bluetooth                E  register_notification_rsp: Avrcp device is not connected, handle: 0x0
2025-10-26 10:56:26.992  7517-7517  HWComposer              surfaceflinger                       E  getLayerReleaseFence failed for display -1: Invalid display
2025-10-26 10:56:26.993  7517-7517  HWComposer              surfaceflinger                       E  getLayerReleaseFence failed for display -1: Invalid display
2025-10-26 10:56:27.049  7517-7517  HWComposer              surfaceflinger                       E  getLayerReleaseFence failed for display -1: Invalid display
2025-10-26 10:56:27.063  7517-7517  HWComposer              surfaceflinger                       E  getLayerReleaseFence failed for display -1: Invalid display
2025-10-26 10:56:27.140  7517-7517  HWComposer              surfaceflinger                       E  getLayerReleaseFence failed for display -1: Invalid display
2025-10-26 10:56:27.236  7517-7517  HWComposer              surfaceflinger                       E  getLayerReleaseFence failed for display -1: Invalid display
2025-10-26 10:56:27.281  7517-7517  HWComposer              surfaceflinger                       E  getLayerReleaseFence failed for display -1: Invalid display
2025-10-26 10:56:27.281  7517-7517  HWComposer              surfaceflinger                       E  getLayerReleaseFence failed for display -1: Invalid display
2025-10-26 10:56:27.335 12031-12179 RxHelper                com.teamsmart.videomanager.tv        E  fromNullable result is null
2025-10-26 10:56:27.341  7517-7517  HWComposer              surfaceflinger                       E  getLayerReleaseFence failed for display -1: Invalid display
2025-10-26 10:56:27.357  7517-7517  HWComposer              surfaceflinger                       E  getLayerReleaseFence failed for display -1: Invalid display
2025-10-26 10:56:27.398 12031-12179 RxHelper                com.teamsmart.videomanager.tv        E  fromNullable result is null
2025-10-26 10:56:27.452  7517-7517  HWComposer              surfaceflinger                       E  getLayerReleaseFence failed for display -1: Invalid display
2025-10-26 10:56:27.452  7517-7517  HWComposer              surfaceflinger                       E  getLayerReleaseFence failed for display -1: Invalid display
2025-10-26 10:56:27.522 12031-12179 RxHelper                com.teamsmart.videomanager.tv        E  fromNullable result is null
2025-10-26 10:56:27.545  7517-7517  HWComposer              surfaceflinger                       E  getLayerReleaseFence failed for display -1: Invalid display
2025-10-26 10:56:27.545  7517-7517  HWComposer              surfaceflinger                       E  getLayerReleaseFence failed for display -1: Invalid display
2025-10-26 10:56:27.606  7517-7517  HWComposer              surfaceflinger                       E  getLayerReleaseFence failed for display -1: Invalid display
2025-10-26 10:56:27.606  7517-7517  HWComposer              surfaceflinger                       E  getLayerReleaseFence failed for display -1: Invalid display
2025-10-26 10:56:27.625 12031-12179 RxHelper                com.teamsmart.videomanager.tv        E  fromNullable result is null
2025-10-26 10:56:27.667 12031-12179 RxHelper                com.teamsmart.videomanager.tv        E  fromNullable result is null
2025-10-26 10:56:27.697  7517-7517  HWComposer              surfaceflinger                       E  getLayerReleaseFence failed for display -1: Invalid display
2025-10-26 10:56:27.697  7517-7517  HWComposer              surfaceflinger                       E  getLayerReleaseFence failed for display -1: Invalid display
2025-10-26 10:56:27.735  7517-7517  HWComposer              surfaceflinger                       E  getLayerReleaseFence failed for display -1: Invalid display
2025-10-26 10:56:27.735  7517-7517  HWComposer              surfaceflinger                       E  getLayerReleaseFence failed for display -1: Invalid display
2025-10-26 10:56:27.771 12031-12179 RxHelper                com.teamsmart.videomanager.tv        E  fromNullable result is null
2025-10-26 10:56:27.864  7517-7517  HWComposer              surfaceflinger                       E  getLayerReleaseFence failed for display -1: Invalid display
2025-10-26 10:56:27.865  7517-7517  HWComposer              surfaceflinger                       E  getLayerReleaseFence failed for display -1: Invalid display
2025-10-26 10:56:27.866 12031-12179 RxHelper                com.teamsmart.videomanager.tv        E  fromNullable result is null
2025-10-26 10:56:27.905  7517-7517  HWComposer              surfaceflinger                       E  getLayerReleaseFence failed for display -1: Invalid display
2025-10-26 10:56:27.925  7517-7517  HWComposer              surfaceflinger                       E  getLayerReleaseFence failed for display -1: Invalid display
2025-10-26 10:56:27.939 12031-12179 RxHelper                com.teamsmart.videomanager.tv        E  fromNullable result is null
2025-10-26 10:56:27.958  7517-7517  HWComposer              surfaceflinger                       E  getLayerReleaseFence failed for display -1: Invalid display
2025-10-26 10:56:27.998  7517-7517  HWComposer              surfaceflinger                       E  getLayerReleaseFence failed for display -1: Invalid display
2025-10-26 10:56:28.041 12031-12179 RxHelper                com.teamsmart.videomanager.tv        E  fromNullable result is null
2025-10-26 10:56:28.058 12031-12031 TrackSelectorManager    com.teamsmart.videomanager.tv        E  Something went wrong. Selected track not found
2025-10-26 10:56:28.093  7517-7517  HWComposer              surfaceflinger                       E  getLayerReleaseFence failed for display -1: Invalid display
2025-10-26 10:56:28.093  7517-7517  HWComposer              surfaceflinger                       E  getLayerReleaseFence failed for display -1: Invalid display
2025-10-26 10:56:28.111  7517-7517  HWComposer              surfaceflinger                       E  getLayerReleaseFence failed for display -1: Invalid display
2025-10-26 10:56:28.111  7517-7517  HWComposer              surfaceflinger                       E  getLayerReleaseFence failed for display -1: Invalid display
2025-10-26 10:56:28.198 12031-12234 TrackSelectorManager    com.teamsmart.videomanager.tv        E  Can't create selection. No match for the track com.liskovsoft.smartyoutubetv2.common.exoplayer.selector.track.SubtitleTrack@2b9abf
2025-10-26 10:56:28.214 12031-12313 ACodec                  com.teamsmart.videomanager.tv        E  dropped buffer - (apk discard)
2025-10-26 10:56:28.235  7517-7517  HWComposer              surfaceflinger                       E  getLayerReleaseFence failed for display -1: Invalid display
2025-10-26 10:56:28.236  7517-7517  HWComposer              surfaceflinger                       E  getLayerReleaseFence failed for display -1: Invalid display
2025-10-26 10:56:28.269  7517-7517  HWComposer              surfaceflinger                       E  getLayerReleaseFence failed for display -1: Invalid display
2025-10-26 10:56:28.269  7517-7517  HWComposer              surfaceflinger                       E  getLayerReleaseFence failed for display -1: Invalid display
2025-10-26 10:56:28.326 12031-12313 ACodec                  com.teamsmart.videomanager.tv        E  dropped buffer - (apk discard)
2025-10-26 10:56:28.369  7517-7517  HWComposer              surfaceflinger                       E  getLayerReleaseFence failed for display -1: Invalid display
2025-10-26 10:56:28.369  7517-7517  HWComposer              surfaceflinger                       E  getLayerReleaseFence failed for display -1: Invalid display
2025-10-26 10:56:28.396  7517-7517  HWComposer              surfaceflinger                       E  getLayerReleaseFence failed for display -1: Invalid display
2025-10-26 10:56:28.396  7517-7517  HWComposer              surfaceflinger                       E  getLayerReleaseFence failed for display -1: Invalid display
2025-10-26 10:56:28.456  7517-7517  HWComposer              surfaceflinger                       E  getLayerReleaseFence failed for display -1: Invalid display
2025-10-26 10:56:28.547  7517-7517  HWComposer              surfaceflinger                       E  getLayerReleaseFence failed for display -1: Invalid display
2025-10-26 10:56:28.605  7517-7517  HWComposer              surfaceflinger                       E  getLayerReleaseFence failed for display -1: Invalid display
2025-10-26 10:56:28.605  7517-7517  HWComposer              surfaceflinger                       E  getLayerReleaseFence failed for display -1: Invalid display
2025-10-26 10:56:28.738  7517-7517  HWComposer              surfaceflinger                       E  getLayerReleaseFence failed for display -1: Invalid display
2025-10-26 10:56:28.738  7517-7517  HWComposer              surfaceflinger                       E  getLayerReleaseFence failed for display -1: Invalid display
2025-10-26 10:56:28.757  7517-7517  HWComposer              surfaceflinger                       E  getLayerReleaseFence failed for display -1: Invalid display
2025-10-26 10:56:28.757  7517-7517  HWComposer              surfaceflinger                       E  getLayerReleaseFence failed for display -1: Invalid display
2025-10-26 10:56:28.965  7517-7517  HWComposer              surfaceflinger                       E  getLayerReleaseFence failed for display -1: Invalid display
2025-10-26 10:56:28.966  7517-7517  HWComposer              surfaceflinger                       E  getLayerReleaseFence failed for display -1: Invalid display
2025-10-26 10:56:29.035 12031-12313 ACodec                  com.teamsmart.videomanager.tv        E  dropped buffer - (apk discard)
2025-10-26 10:56:29.035 12031-12313 ACodec                  com.teamsmart.videomanager.tv        E  dropped buffer - (apk discard)
2025-10-26 10:56:29.078  7517-7517  HWComposer              surfaceflinger                       E  getLayerReleaseFence failed for display -1: Invalid display
2025-10-26 10:56:29.078  7517-7517  HWComposer              surfaceflinger                       E  getLayerReleaseFence failed for display -1: Invalid display
2025-10-26 10:56:29.356 12031-12313 ACodec                  com.teamsmart.videomanager.tv        E  dropped buffer - (apk discard)
2025-10-26 10:56:29.360 12031-12313 ACodec                  com.teamsmart.videomanager.tv        E  dropped buffer - (apk discard)
2025-10-26 10:56:29.381 12031-12313 ACodec                  com.teamsmart.videomanager.tv        E  dropped buffer - (apk discard)
2025-10-26 10:56:29.447  7517-7517  HWComposer              surfaceflinger                       E  getLayerReleaseFence failed for display -1: Invalid display
2025-10-26 10:56:29.447  7517-7517  HWComposer              surfaceflinger                       E  getLayerReleaseFence failed for display -1: Invalid display
2025-10-26 10:56:29.490 12031-12313 ACodec                  com.teamsmart.videomanager.tv        E  dropped buffer - (apk discard)
2025-10-26 10:56:29.491 12031-12313 ACodec                  com.teamsmart.videomanager.tv        E  dropped buffer - (apk discard)
2025-10-26 10:56:29.491 12031-12313 ACodec                  com.teamsmart.videomanager.tv        E  dropped buffer - (apk discard)
2025-10-26 10:56:29.528  7517-7517  HWComposer              surfaceflinger                       E  getLayerReleaseFence failed for display -1: Invalid display
2025-10-26 10:56:29.528  7517-7517  HWComposer              surfaceflinger                       E  getLayerReleaseFence failed for display -1: Invalid display
2025-10-26 10:56:29.562 12031-12313 ACodec                  com.teamsmart.videomanager.tv        E  dropped buffer - (apk discard)
2025-10-26 10:56:29.569 12031-12313 ACodec                  com.teamsmart.videomanager.tv        E  dropped buffer - (apk discard)
2025-10-26 10:56:29.570 12031-12313 ACodec                  com.teamsmart.videomanager.tv        E  dropped buffer - (apk discard)
2025-10-26 10:56:29.572 12031-12313 ACodec                  com.teamsmart.videomanager.tv        E  dropped buffer - (apk discard)
2025-10-26 10:56:29.666 12031-12313 ACodec                  com.teamsmart.videomanager.tv        E  dropped buffer - (apk discard)
2025-10-26 10:56:29.670 12031-12313 ACodec                  com.teamsmart.videomanager.tv        E  dropped buffer - (apk discard)
2025-10-26 10:56:29.671 12031-12313 ACodec                  com.teamsmart.videomanager.tv        E  dropped buffer - (apk discard)
2025-10-26 10:56:29.672 12031-12313 ACodec                  com.teamsmart.videomanager.tv        E  dropped buffer - (apk discard)
2025-10-26 10:56:29.719  7517-7517  HWComposer              surfaceflinger                       E  getLayerReleaseFence failed for display -1: Invalid display
2025-10-26 10:56:29.719  7517-7517  HWComposer              surfaceflinger                       E  getLayerReleaseFence failed for display -1: Invalid display
2025-10-26 10:56:29.802 12031-12313 ACodec                  com.teamsmart.videomanager.tv        E  dropped buffer - (apk discard)
2025-10-26 10:56:29.808 12031-12313 ACodec                  com.teamsmart.videomanager.tv        E  dropped buffer - (apk discard)
2025-10-26 10:56:29.818  7517-7517  HWComposer              surfaceflinger                       E  getLayerReleaseFence failed for display -1: Invalid display
2025-10-26 10:56:29.836  7517-7517  HWComposer              surfaceflinger                       E  getLayerReleaseFence failed for display -1: Invalid display
2025-10-26 10:56:29.880  7517-7517  HWComposer              surfaceflinger                       E  getLayerReleaseFence failed for display -1: Invalid display
2025-10-26 10:56:29.880  7517-7517  HWComposer              surfaceflinger                       E  getLayerReleaseFence failed for display -1: Invalid display
2025-10-26 10:56:29.988  7517-7517  HWComposer              surfaceflinger                       E  getLayerReleaseFence failed for display -1: Invalid display
2025-10-26 10:56:29.989  7517-7517  HWComposer              surfaceflinger                       E  getLayerReleaseFence failed for display -1: Invalid display
2025-10-26 10:56:30.007 12031-12313 ACodec                  com.teamsmart.videomanager.tv        E  dropped buffer - (apk discard)
2025-10-26 10:56:30.046  7517-7517  HWComposer              surfaceflinger                       E  getLayerReleaseFence failed for display -1: Invalid display
2025-10-26 10:56:30.046  7517-7517  HWComposer              surfaceflinger                       E  getLayerReleaseFence failed for display -1: Invalid display
2025-10-26 10:56:30.049   234-7987  rtk_parse               and...ardware.bluetooth@1.0-service  E  rtk_cmd_complete_cback, transmit_command Opcode:fc19
2025-10-26 10:56:30.070  7517-7517  HWComposer              surfaceflinger                       E  getLayerReleaseFence failed for display -1: Invalid display
2025-10-26 10:56:30.118  7517-7517  HWComposer              surfaceflinger                       E  getLayerReleaseFence failed for display -1: Invalid display
2025-10-26 10:56:30.125   234-7987  android.ha...h@1.0-impl and...ardware.bluetooth@1.0-service  E  internal_command_event_match: Unhandled event type 0F
2025-10-26 10:56:30.148  7517-7517  HWComposer              surfaceflinger                       E  getLayerReleaseFence failed for display -1: Invalid display
2025-10-26 10:56:30.148  7517-7517  HWComposer              surfaceflinger                       E  getLayerReleaseFence failed for display -1: Invalid display
2025-10-26 10:56:30.188  7517-7517  HWComposer              surfaceflinger                       E  getLayerReleaseFence failed for display -1: Invalid display
2025-10-26 10:56:30.188  7517-7517  HWComposer              surfaceflinger                       E  getLayerReleaseFence failed for display -1: Invalid display
2025-10-26 10:56:30.254  7517-7517  HWComposer              surfaceflinger                       E  getLayerReleaseFence failed for display -1: Invalid display
2025-10-26 10:56:30.265  7517-7517  HWComposer              surfaceflinger                       E  getLayerReleaseFence failed for display -1: Invalid display
2025-10-26 10:56:30.294  7747-8005  bt_stack                com.android.bluetooth                E  [ERROR:gatt_cl.cc(1074)] gatt_client_handle_server_rspgatt_client_handle_server_rsp libs_liu opcode =  	
2025-10-26 10:56:30.295  7747-8005  bt_stack                com.android.bluetooth                E  [ERROR:gatt_cl.cc(699)] gatt_process_read_by_type_rsp
2025-10-26 10:56:30.295  7747-8005  bt_stack                com.android.bluetooth                E  [ERROR:gatt_cl.cc(709)] gatt_process_read_by_type_rsp 2
2025-10-26 10:56:30.295  7747-8005  bt_stack                com.android.bluetooth                E  [ERROR:gatt_cl.cc(715)] gatt_process_read_by_type_rsp 3
2025-10-26 10:56:30.295  7747-8005  bt_stack                com.android.bluetooth                E  [ERROR:gatt_cl.cc(730)] gatt_process_read_by_type_rsp 4
2025-10-26 10:56:30.295  7747-8005  bt_stack                com.android.bluetooth                E  [ERROR:gatt_cl.cc(738)] gatt_process_read_by_type_rsp while 1
2025-10-26 10:56:30.295  7747-8005  bt_stack                com.android.bluetooth                E  [ERROR:gatt_cl.cc(750)] gatt_process_read_by_type_rsp while 2
2025-10-26 10:56:30.295  7747-8005  bt_stack                com.android.bluetooth                E  [ERROR:gatt_cl.cc(814)] gatt_process_read_by_type_rsp while 5
2025-10-26 10:56:30.312  7517-7517  HWComposer              surfaceflinger                       E  getLayerReleaseFence failed for display -1: Invalid display
2025-10-26 10:56:30.312  7517-7517  HWComposer              surfaceflinger                       E  getLayerReleaseFence failed for display -1: Invalid display
2025-10-26 10:56:30.318  7747-8005  bt_stack                com.android.bluetooth                E  [ERROR:gatt_cl.cc(1074)] gatt_client_handle_server_rspgatt_client_handle_server_rsp libs_liu opcode =  
2025-10-26 10:56:30.323  7517-7517  HWComposer              surfaceflinger                       E  getLayerReleaseFence failed for display -1: Invalid display
2025-10-26 10:56:30.323  7517-7517  HWComposer              surfaceflinger                       E  getLayerReleaseFence failed for display -1: Invalid display
2025-10-26 10:56:30.364  7747-8005  bt_stack                com.android.bluetooth                E  [ERROR:gatt_cl.cc(1074)] gatt_client_handle_server_rspgatt_client_handle_server_rsp libs_liu opcode =  
2025-10-26 10:56:30.366  7517-7517  HWComposer              surfaceflinger                       E  getLayerReleaseFence failed for display -1: Invalid display
2025-10-26 10:56:30.366  7517-7517  HWComposer              surfaceflinger                       E  getLayerReleaseFence failed for display -1: Invalid display
2025-10-26 10:56:30.394  7747-8005  bt_stack                com.android.bluetooth                E  [ERROR:gatt_cl.cc(1074)] gatt_client_handle_server_rspgatt_client_handle_server_rsp libs_liu opcode =  
2025-10-26 10:56:30.408  7517-7517  HWComposer              surfaceflinger                       E  getLayerReleaseFence failed for display -1: Invalid display
2025-10-26 10:56:30.408  7517-7517  HWComposer              surfaceflinger                       E  getLayerReleaseFence failed for display -1: Invalid display
2025-10-26 10:56:30.422  7517-7517  HWComposer              surfaceflinger                       E  getLayerReleaseFence failed for display -1: Invalid display
2025-10-26 10:56:30.422  7517-7517  HWComposer              surfaceflinger                       E  getLayerReleaseFence failed for display -1: Invalid display
2025-10-26 10:56:30.423  7747-8005  bt_stack                com.android.bluetooth                E  [ERROR:gatt_cl.cc(1074)] gatt_client_handle_server_rspgatt_client_handle_server_rsp libs_liu opcode =  
2025-10-26 10:56:30.463  7747-8005  bt_stack                com.android.bluetooth                E  [ERROR:gatt_cl.cc(1074)] gatt_client_handle_server_rspgatt_client_handle_server_rsp libs_liu opcode =  
2025-10-26 10:56:30.479  7517-7517  HWComposer              surfaceflinger                       E  getLayerReleaseFence failed for display -1: Invalid display
2025-10-26 10:56:30.479  7517-7517  HWComposer              surfaceflinger                       E  getLayerReleaseFence failed for display -1: Invalid display
2025-10-26 10:56:30.486  7747-8005  bt_stack                com.android.bluetooth                E  [ERROR:gatt_cl.cc(1074)] gatt_client_handle_server_rspgatt_client_handle_server_rsp libs_liu opcode =  
2025-10-26 10:56:30.508  7747-8005  bt_stack                com.android.bluetooth                E  [ERROR:gatt_cl.cc(1074)] gatt_client_handle_server_rspgatt_client_handle_server_rsp libs_liu opcode =  
2025-10-26 10:56:30.531  7747-8005  bt_stack                com.android.bluetooth                E  [ERROR:gatt_cl.cc(1074)] gatt_client_handle_server_rspgatt_client_handle_server_rsp libs_liu opcode =  
2025-10-26 10:56:30.632  7747-8005  bt_stack                com.android.bluetooth                E  [ERROR:gatt_cl.cc(1074)] gatt_client_handle_server_rspgatt_client_handle_server_rsp libs_liu opcode =  
2025-10-26 10:56:30.657  7517-7517  HWComposer              surfaceflinger                       E  getLayerReleaseFence failed for display -1: Invalid display
2025-10-26 10:56:30.657  7517-7517  HWComposer              surfaceflinger                       E  getLayerReleaseFence failed for display -1: Invalid display
2025-10-26 10:56:30.665  7747-8005  bt_stack                com.android.bluetooth                E  [ERROR:gatt_cl.cc(1074)] gatt_client_handle_server_rspgatt_client_handle_server_rsp libs_liu opcode =  
2025-10-26 10:56:30.711  7747-8005  bt_stack                com.android.bluetooth                E  [ERROR:gatt_cl.cc(1074)] gatt_client_handle_server_rspgatt_client_handle_server_rsp libs_liu opcode =  
2025-10-26 10:56:30.907 12031-12313 ACodec                  com.teamsmart.videomanager.tv        E  dropped buffer - (apk discard)
2025-10-26 10:56:30.984  7517-7517  HWComposer              surfaceflinger                       E  getLayerReleaseFence failed for display -1: Invalid display
2025-10-26 10:56:30.984  7517-7517  HWComposer              surfaceflinger                       E  getLayerReleaseFence failed for display -1: Invalid display
2025-10-26 10:56:31.057  7517-7517  HWComposer              surfaceflinger                       E  getLayerReleaseFence failed for display -1: Invalid display
2025-10-26 10:56:31.058  7517-7517  HWComposer              surfaceflinger                       E  getLayerReleaseFence failed for display -1: Invalid display
2025-10-26 10:56:31.077 12031-12313 ACodec                  com.teamsmart.videomanager.tv        E  dropped buffer - (apk discard)
2025-10-26 10:56:31.111  7517-7517  HWComposer              surfaceflinger                       E  getLayerReleaseFence failed for display -1: Invalid display
2025-10-26 10:56:31.156  7517-7517  HWComposer              surfaceflinger                       E  getLayerReleaseFence failed for display -1: Invalid display
2025-10-26 10:56:31.280 12031-12313 ACodec                  com.teamsmart.videomanager.tv        E  dropped buffer - (apk discard)
2025-10-26 10:56:31.334  7517-7517  HWComposer              surfaceflinger                       E  getLayerReleaseFence failed for display -1: Invalid display
2025-10-26 10:56:31.334  7517-7517  HWComposer              surfaceflinger                       E  getLayerReleaseFence failed for display -1: Invalid display
2025-10-26 10:56:31.366 12031-12313 ACodec                  com.teamsmart.videomanager.tv        E  dropped buffer - (apk discard)
2025-10-26 10:56:31.368  7517-7517  HWComposer              surfaceflinger                       E  getLayerReleaseFence failed for display -1: Invalid display
2025-10-26 10:56:31.368  7517-7517  HWComposer              surfaceflinger                       E  getLayerReleaseFence failed for display -1: Invalid display
2025-10-26 10:56:31.370 12031-12313 ACodec                  com.teamsmart.videomanager.tv        E  dropped buffer - (apk discard)
2025-10-26 10:56:31.402  7517-7517  HWComposer              surfaceflinger                       E  getLayerReleaseFence failed for display -1: Invalid display
2025-10-26 10:56:31.403  7517-7517  HWComposer              surfaceflinger                       E  getLayerReleaseFence failed for display -1: Invalid display
2025-10-26 10:56:31.659 12031-12313 ACodec                  com.teamsmart.videomanager.tv        E  dropped buffer - (apk discard)
2025-10-26 10:56:31.664 12031-12313 ACodec                  com.teamsmart.videomanager.tv        E  dropped buffer - (apk discard)
2025-10-26 10:56:31.668 12031-12313 ACodec                  com.teamsmart.videomanager.tv        E  dropped buffer - (apk discard)
2025-10-26 10:56:31.688  7517-7517  HWComposer              surfaceflinger                       E  getLayerReleaseFence failed for display -1: Invalid display
2025-10-26 10:56:31.722  7517-7517  HWComposer              surfaceflinger                       E  getLayerReleaseFence failed for display -1: Invalid display
2025-10-26 10:56:31.851  7517-7517  HWComposer              surfaceflinger                       E  getLayerReleaseFence failed for display -1: Invalid display
2025-10-26 10:56:31.905  7517-7517  HWComposer              surfaceflinger                       E  getLayerReleaseFence failed for display -1: Invalid display
2025-10-26 10:56:31.936 12031-12313 ACodec                  com.teamsmart.videomanager.tv        E  dropped buffer - (apk discard)
2025-10-26 10:56:31.939 12031-12313 ACodec                  com.teamsmart.videomanager.tv        E  dropped buffer - (apk discard)
2025-10-26 10:56:31.973  7517-7517  HWComposer              surfaceflinger                       E  getLayerReleaseFence failed for display -1: Invalid display
2025-10-26 10:56:31.994  7517-7517  HWComposer              surfaceflinger                       E  getLayerReleaseFence failed for display -1: Invalid display
2025-10-26 10:56:32.067 12031-12313 ACodec                  com.teamsmart.videomanager.tv        E  dropped buffer - (apk discard)
2025-10-26 10:56:32.104  7517-7517  HWComposer              surfaceflinger                       E  getLayerReleaseFence failed for display -1: Invalid display
2025-10-26 10:56:32.131  7517-7517  HWComposer              surfaceflinger                       E  getLayerReleaseFence failed for display -1: Invalid display
2025-10-26 10:56:32.170  7517-7517  HWComposer              surfaceflinger                       E  getLayerReleaseFence failed for display -1: Invalid display
2025-10-26 10:56:32.170  7517-7517  HWComposer              surfaceflinger                       E  getLayerReleaseFence failed for display -1: Invalid display
2025-10-26 10:56:32.387 12031-12313 ACodec                  com.teamsmart.videomanager.tv        E  dropped buffer - (apk discard)
2025-10-26 10:56:32.394 12031-12313 ACodec                  com.teamsmart.videomanager.tv        E  dropped buffer - (apk discard)
2025-10-26 10:56:32.405 12031-12313 ACodec                  com.teamsmart.videomanager.tv        E  dropped buffer - (apk discard)
2025-10-26 10:56:32.415  7517-7517  HWComposer              surfaceflinger                       E  getLayerReleaseFence failed for display -1: Invalid display
2025-10-26 10:56:32.415  7517-7517  HWComposer              surfaceflinger                       E  getLayerReleaseFence failed for display -1: Invalid display
2025-10-26 10:56:32.491  7517-7517  HWComposer              surfaceflinger                       E  getLayerReleaseFence failed for display -1: Invalid display
2025-10-26 10:56:32.492  7517-7517  HWComposer              surfaceflinger                       E  getLayerReleaseFence failed for display -1: Invalid display
2025-10-26 10:56:32.585   371-371   motiondaemon            motionclient                         E  1111 Lemon_Test 00-04 motionCotroller Inotify readInotifyEvents  :100
2025-10-26 10:56:32.586   371-371   motiondaemon            motionclient                         E  1111 Lemon_Test 00-00 enter scan file=hidraw0
2025-10-26 10:56:32.591   371-371   motiondaemon            motionclient                         E  1111 Lemon_Test 00-02  scan path=/dev/hidraw0
2025-10-26 10:56:32.591   371-371   motiondaemon            motionclient                         E  1111 Lemon_Test 00-09 scan vid=0x416  pid=0x303
2025-10-26 10:56:32.598   371-371   motiondaemon            motionclient                         E  1111 Lemon_Test 00-10 scan vid=0x416, descriptor.size=105
2025-10-26 10:56:32.598   371-371   motiondaemon            motionclient                         E  1111 Lemon_Test 00-19 scan  IsBTPlatform=0
2025-10-26 10:56:32.598   371-371   motiondaemon            motionclient                         E  1111 Lemon_Test 00-22 scan  BT is other platform,ex MTK .
2025-10-26 10:56:32.600 12031-12313 ACodec                  com.teamsmart.videomanager.tv        E  dropped buffer - (apk discard)
2025-10-26 10:56:32.645  7517-7517  HWComposer              surfaceflinger                       E  getLayerReleaseFence failed for display -1: Invalid display
2025-10-26 10:56:32.645  7517-7517  HWComposer              surfaceflinger                       E  getLayerReleaseFence failed for display -1: Invalid display
2025-10-26 10:56:32.963 12031-12313 ACodec                  com.teamsmart.videomanager.tv        E  dropped buffer - (apk discard)
2025-10-26 10:56:32.967 12031-12313 ACodec                  com.teamsmart.videomanager.tv        E  dropped buffer - (apk discard)
2025-10-26 10:56:32.974 12031-12313 ACodec                  com.teamsmart.videomanager.tv        E  dropped buffer - (apk discard)
2025-10-26 10:56:33.036 12031-12313 ACodec                  com.teamsmart.videomanager.tv        E  dropped buffer - (apk discard)
2025-10-26 10:56:33.038  7517-7517  HWComposer              surfaceflinger                       E  getLayerReleaseFence failed for display -1: Invalid display
2025-10-26 10:56:33.038  7517-7517  HWComposer              surfaceflinger                       E  getLayerReleaseFence failed for display -1: Invalid display
2025-10-26 10:56:33.085  7517-7517  HWComposer              surfaceflinger                       E  getLayerReleaseFence failed for display -1: Invalid display
2025-10-26 10:56:33.086  7517-7517  HWComposer              surfaceflinger                       E  getLayerReleaseFence failed for display -1: Invalid display
2025-10-26 10:56:33.116  7517-7517  HWComposer              surfaceflinger                       E  getLayerReleaseFence failed for display -1: Invalid display
2025-10-26 10:56:33.116  7517-7517  HWComposer              surfaceflinger                       E  getLayerReleaseFence failed for display -1: Invalid display
2025-10-26 10:56:33.146 12031-12313 ACodec                  com.teamsmart.videomanager.tv        E  dropped buffer - (apk discard)
2025-10-26 10:56:33.151 12031-12313 ACodec                  com.teamsmart.videomanager.tv        E  dropped buffer - (apk discard)
2025-10-26 10:56:33.225 12031-12313 ACodec                  com.teamsmart.videomanager.tv        E  dropped buffer - (apk discard)
2025-10-26 10:56:33.235  7517-7517  HWComposer              surfaceflinger                       E  getLayerReleaseFence failed for display -1: Invalid display
2025-10-26 10:56:33.235  7517-7517  HWComposer              surfaceflinger                       E  getLayerReleaseFence failed for display -1: Invalid display
2025-10-26 10:56:33.260  7517-7517  HWComposer              surfaceflinger                       E  getLayerReleaseFence failed for display -1: Invalid display
2025-10-26 10:56:33.271  7517-7517  HWComposer              surfaceflinger                       E  getLayerReleaseFence failed for display -1: Invalid display
2025-10-26 10:56:33.285  8954-8954  cast_shell              com.google.android.apps.mediashell   E  [8954:8954:ERROR:legacy_app_id_mapper_impl.cc(58)] Unknown app_id AndroidNativeApp
2025-10-26 10:56:33.397  7517-7517  HWComposer              surfaceflinger                       E  getLayerReleaseFence failed for display -1: Invalid display
2025-10-26 10:56:33.398  7517-7517  HWComposer              surfaceflinger                       E  getLayerReleaseFence failed for display -1: Invalid display
2025-10-26 10:56:33.483 12031-12313 ACodec                  com.teamsmart.videomanager.tv        E  dropped buffer - (apk discard)
2025-10-26 10:56:33.544  7517-7517  HWComposer              surfaceflinger                       E  getLayerReleaseFence failed for display -1: Invalid display
2025-10-26 10:56:33.579  7517-7517  HWComposer              surfaceflinger                       E  getLayerReleaseFence failed for display -1: Invalid display
2025-10-26 10:56:33.647  8954-8954  cast_shell              com.google.android.apps.mediashell   E  [8954:8954:ERROR:legacy_app_id_mapper_impl.cc(58)] Unknown app_id AndroidNativeApp
2025-10-26 10:56:33.742   268-268   lowmemorykiller         lmkd                                 E  Error opening /proc/11889/oom_score_adj; errno=2
2025-10-26 10:56:33.742   268-268   lowmemorykiller         lmkd                                 E  Error writing /proc/11926/oom_score_adj; errno=22
2025-10-26 10:56:33.742   268-268   lowmemorykiller         lmkd                                 E  Error writing /proc/9947/oom_score_adj; errno=22
2025-10-26 10:56:33.742   268-268   lowmemorykiller         lmkd                                 E  Error writing /proc/10005/oom_score_adj; errno=22
2025-10-26 10:56:33.759   268-268   lowmemorykiller         lmkd                                 E  Error writing /proc/9947/oom_score_adj; errno=22
2025-10-26 10:56:33.774   268-268   lowmemorykiller         lmkd                                 E  Error writing /proc/10005/oom_score_adj; errno=22
2025-10-26 10:56:34.012  7517-7517  HWComposer              surfaceflinger                       E  getLayerReleaseFence failed for display -1: Invalid display
2025-10-26 10:56:34.012  7517-7517  HWComposer              surfaceflinger                       E  getLayerReleaseFence failed for display -1: Invalid display
2025-10-26 10:56:34.044  7517-7517  HWComposer              surfaceflinger                       E  getLayerReleaseFence failed for display -1: Invalid display
2025-10-26 10:56:34.044  7517-7517  HWComposer              surfaceflinger                       E  getLayerReleaseFence failed for display -1: Invalid display
2025-10-26 10:56:34.065 12031-12313 ACodec                  com.teamsmart.videomanager.tv        E  dropped buffer - (apk discard)
2025-10-26 10:56:34.067 12031-12313 ACodec                  com.teamsmart.videomanager.tv        E  dropped buffer - (apk discard)
2025-10-26 10:56:34.119   268-268   lowmemorykiller         lmkd                                 E  Error writing /proc/9947/oom_score_adj; errno=22
2025-10-26 10:56:34.133 12031-12313 ACodec                  com.teamsmart.videomanager.tv        E  dropped buffer - (apk discard)
2025-10-26 10:56:34.139 12031-12313 ACodec                  com.teamsmart.videomanager.tv        E  dropped buffer - (apk discard)
2025-10-26 10:56:34.139 12031-12031 SuggestionsController   com.teamsmart.videomanager.tv        E  continueGroup error: fromNullable result is null
2025-10-26 10:56:34.140 12031-12313 ACodec                  com.teamsmart.videomanager.tv        E  dropped buffer - (apk discard)
2025-10-26 10:56:34.141 12031-12031 SuggestionsController   com.teamsmart.videomanager.tv        E  continueGroup error: fromNullable result is null
2025-10-26 10:56:34.144 12031-12031 SuggestionsController   com.teamsmart.videomanager.tv        E  continueGroup error: fromNullable result is null
2025-10-26 10:56:34.147 12031-12031 SuggestionsController   com.teamsmart.videomanager.tv        E  continueGroup error: fromNullable result is null
2025-10-26 10:56:34.162  7517-7517  HWComposer              surfaceflinger                       E  getLayerReleaseFence failed for display -1: Invalid display
2025-10-26 10:56:34.162  7517-7517  HWComposer              surfaceflinger                       E  getLayerReleaseFence failed for display -1: Invalid display
2025-10-26 10:56:34.179  7517-7517  HWComposer              surfaceflinger                       E  getLayerReleaseFence failed for display -1: Invalid display
2025-10-26 10:56:34.179  7517-7517  HWComposer              surfaceflinger                       E  getLayerReleaseFence failed for display -1: Invalid display
2025-10-26 10:56:34.202 12031-12031 SuggestionsController   com.teamsmart.videomanager.tv        E  continueGroup error: fromNullable result is null
2025-10-26 10:56:34.206 12031-12031 SuggestionsController   com.teamsmart.videomanager.tv        E  continueGroup error: fromNullable result is null
2025-10-26 10:56:34.212 12031-12031 SuggestionsController   com.teamsmart.videomanager.tv        E  continueGroup error: fromNullable result is null
2025-10-26 10:56:34.218 12031-12031 SuggestionsController   com.teamsmart.videomanager.tv        E  continueGroup error: fromNullable result is null
2025-10-26 10:56:34.223 12031-12031 SuggestionsController   com.teamsmart.videomanager.tv        E  continueGroup error: fromNullable result is null
2025-10-26 10:56:34.227  7517-7517  HWComposer              surfaceflinger                       E  getLayerReleaseFence failed for display -1: Invalid display
2025-10-26 10:56:34.227  7517-7517  HWComposer              surfaceflinger                       E  getLayerReleaseFence failed for display -1: Invalid display
2025-10-26 10:56:34.261  7517-7517  HWComposer              surfaceflinger                       E  getLayerReleaseFence failed for display -1: Invalid display
2025-10-26 10:56:34.261  7517-7517  HWComposer              surfaceflinger                       E  getLayerReleaseFence failed for display -1: Invalid display
2025-10-26 10:56:34.288 12362-12362 com.tcl.rc.ota          pid-12362                            E  Not starting debugger since process cannot load the jdwp agent.
2025-10-26 10:56:34.307  7517-7517  HWComposer              surfaceflinger                       E  getLayerReleaseFence failed for display -1: Invalid display
2025-10-26 10:56:34.307  7517-7517  HWComposer              surfaceflinger                       E  getLayerReleaseFence failed for display -1: Invalid display
2025-10-26 10:56:34.372  7517-7517  HWComposer              surfaceflinger                       E  getLayerReleaseFence failed for display -1: Invalid display
2025-10-26 10:56:34.420  7517-7517  HWComposer              surfaceflinger                       E  getLayerReleaseFence failed for display -1: Invalid display
2025-10-26 10:56:34.491  7517-7517  HWComposer              surfaceflinger                       E  getLayerReleaseFence failed for display -1: Invalid display
2025-10-26 10:56:34.515  7517-7517  HWComposer              surfaceflinger                       E  getLayerReleaseFence failed for display -1: Invalid display
2025-10-26 10:56:34.542  7517-7517  HWComposer              surfaceflinger                       E  getLayerReleaseFence failed for display -1: Invalid display
2025-10-26 10:56:34.542  7517-7517  HWComposer              surfaceflinger                       E  getLayerReleaseFence failed for display -1: Invalid display
2025-10-26 10:56:34.576  7517-7517  HWComposer              surfaceflinger                       E  getLayerReleaseFence failed for display -1: Invalid display
2025-10-26 10:56:34.576  7517-7517  HWComposer              surfaceflinger                       E  getLayerReleaseFence failed for display -1: Invalid display
2025-10-26 10:56:34.630  7517-7517  HWComposer              surfaceflinger                       E  getLayerReleaseFence failed for display -1: Invalid display
2025-10-26 10:56:34.630  7517-7517  HWComposer              surfaceflinger                       E  getLayerReleaseFence failed for display -1: Invalid display
2025-10-26 10:56:34.675  7517-7517  HWComposer              surfaceflinger                       E  getLayerReleaseFence failed for display -1: Invalid display
2025-10-26 10:56:34.675  7517-7517  HWComposer              surfaceflinger                       E  getLayerReleaseFence failed for display -1: Invalid display
2025-10-26 10:56:34.697  7517-7517  HWComposer              surfaceflinger                       E  getLayerReleaseFence failed for display -1: Invalid display
2025-10-26 10:56:34.697  7517-7517  HWComposer              surfaceflinger                       E  getLayerReleaseFence failed for display -1: Invalid display
2025-10-26 10:56:35.060  7747-8005  bt_stack                com.android.bluetooth                E  [ERROR:bta_gattc_act.cc(248)] entr bta_gattc_process_api_open libs_liu
2025-10-26 10:56:35.060  7747-8005  bt_stack                com.android.bluetooth                E  [ERROR:bta_gattc_act.cc(260)] it is direct libs_liu 
2025-10-26 10:56:35.060  7747-8005  bt_stack                com.android.bluetooth                E  [ERROR:bta_gattc_act.cc(265)] bta_gattc_sm_execute libs_liu 
2025-10-26 10:56:35.070  7747-7842  bt_btif_gattc           com.android.bluetooth                E  btif_gattc_upstreams_evt: Unhandled event (7)!
2025-10-26 10:56:35.070  7747-7842  bt_btif_gattc           com.android.bluetooth                E  btif_gattc_upstreams_evt: Unhandled event (7)!
2025-10-26 10:56:35.093  7517-7517  HWComposer              surfaceflinger                       E  getLayerReleaseFence failed for display -1: Invalid display
2025-10-26 10:56:35.093  7517-7517  HWComposer              surfaceflinger                       E  getLayerReleaseFence failed for display -1: Invalid display
2025-10-26 10:56:35.135  7747-7842  BtGatt.ContextMap       com.android.bluetooth                E  Context not found for ID 6
2025-10-26 10:56:35.231 12031-12313 ACodec                  com.teamsmart.videomanager.tv        E  dropped buffer - (apk discard)
2025-10-26 10:56:35.256  7517-7517  HWComposer              surfaceflinger                       E  getLayerReleaseFence failed for display -1: Invalid display
2025-10-26 10:56:35.256  7517-7517  HWComposer              surfaceflinger                       E  getLayerReleaseFence failed for display -1: Invalid display
2025-10-26 10:56:35.282  7517-7517  HWComposer              surfaceflinger                       E  getLayerReleaseFence failed for display -1: Invalid display
2025-10-26 10:56:35.282  7517-7517  HWComposer              surfaceflinger                       E  getLayerReleaseFence failed for display -1: Invalid display
2025-10-26 10:56:35.293 12031-12313 ACodec                  com.teamsmart.videomanager.tv        E  dropped buffer - (apk discard)
2025-10-26 10:56:35.296 12031-12313 ACodec                  com.teamsmart.videomanager.tv        E  dropped buffer - (apk discard)
2025-10-26 10:56:35.385  7517-7517  HWComposer              surfaceflinger                       E  getLayerReleaseFence failed for display -1: Invalid display
2025-10-26 10:56:35.399  7517-7517  HWComposer              surfaceflinger                       E  getLayerReleaseFence failed for display -1: Invalid display
2025-10-26 10:56:35.471  7517-7517  HWComposer              surfaceflinger                       E  getLayerReleaseFence failed for display -1: Invalid display
2025-10-26 10:56:35.498  7517-7517  HWComposer              surfaceflinger                       E  getLayerReleaseFence failed for display -1: Invalid display
2025-10-26 10:56:35.505 12031-12313 ACodec                  com.teamsmart.videomanager.tv        E  dropped buffer - (apk discard)
2025-10-26 10:56:35.553  7517-7517  HWComposer              surfaceflinger                       E  getLayerReleaseFence failed for display -1: Invalid display
2025-10-26 10:56:35.553  7517-7517  HWComposer              surfaceflinger                       E  getLayerReleaseFence failed for display -1: Invalid display
2025-10-26 10:56:35.575  7517-7517  HWComposer              surfaceflinger                       E  getLayerReleaseFence failed for display -1: Invalid display
2025-10-26 10:56:35.596  7517-7517  HWComposer              surfaceflinger                       E  getLayerReleaseFence failed for display -1: Invalid display
2025-10-26 10:56:35.672  7517-7517  SurfaceFlinger          surfaceflinger                       E  add layer (WindowToken{582c699 android.os.BinderProxy@7ef73e0}#0)[3589].
2025-10-26 10:56:35.691  7517-7517  HWComposer              surfaceflinger                       E  getLayerReleaseFence failed for display -1: Invalid display
2025-10-26 10:56:35.691  7517-7517  HWComposer              surfaceflinger                       E  getLayerReleaseFence failed for display -1: Invalid display
2025-10-26 10:56:35.716  7517-7517  HWComposer              surfaceflinger                       E  getLayerReleaseFence failed for display -1: Invalid display
2025-10-26 10:56:35.717  7517-7517  HWComposer              surfaceflinger                       E  getLayerReleaseFence failed for display -1: Invalid display
2025-10-26 10:56:35.723  7517-7517  SurfaceFlinger          surfaceflinger                       E  add layer (4875d5e com.tcl.framework.custom#0)[3589].
2025-10-26 10:56:35.741  7517-7517  HWComposer              surfaceflinger                       E  getLayerReleaseFence failed for display -1: Invalid display
2025-10-26 10:56:35.840  7517-7517  HWComposer              surfaceflinger                       E  getLayerReleaseFence failed for display -1: Invalid display
2025-10-26 10:56:35.865  7517-7517  HWComposer              surfaceflinger                       E  getLayerReleaseFence failed for display -1: Invalid display
2025-10-26 10:56:35.865  7517-7517  HWComposer              surfaceflinger                       E  getLayerReleaseFence failed for display -1: Invalid display
2025-10-26 10:56:35.914  7517-7517  HWComposer              surfaceflinger                       E  getLayerReleaseFence failed for display -1: Invalid display
2025-10-26 10:56:35.915  7517-7517  HWComposer              surfaceflinger                       E  getLayerReleaseFence failed for display -1: Invalid display
2025-10-26 10:56:36.010  7517-7517  HWComposer              surfaceflinger                       E  getLayerReleaseFence failed for display -1: Invalid display
2025-10-26 10:56:36.010  7517-7517  HWComposer              surfaceflinger                       E  getLayerReleaseFence failed for display -1: Invalid display
2025-10-26 10:56:36.012  7517-7517  SurfaceFlinger          surfaceflinger                       E  add layer (#0)[3589].
2025-10-26 10:56:36.065  7517-7517  HWComposer              surfaceflinger                       E  getLayerReleaseFence failed for display -1: Invalid display
2025-10-26 10:56:36.065  7517-7517  HWComposer              surfaceflinger                       E  getLayerReleaseFence failed for display -1: Invalid display
2025-10-26 10:56:36.093  7517-7517  HWComposer              surfaceflinger                       E  getLayerReleaseFence failed for display -1: Invalid display
2025-10-26 10:56:36.094  7517-7517  HWComposer              surfaceflinger                       E  getLayerReleaseFence failed for display -1: Invalid display
2025-10-26 10:56:36.111  7517-7517  HWComposer              surfaceflinger                       E  getLayerReleaseFence failed for display -1: Invalid display
